invoice: http://127.0.0.1:3003/invoices/01a0e8ef-2e31-7eaf-b68a-05b7d3647e42
← Kembali ke Keuangan
WhatsApp: konfirmasi lunas
Salin pesan
Cetak / Unduh PDF
HomePaw Demo

Grooming profesional di rumah Anda

Invoice PKG-20260928-1C1723D8

Terbit 28/9/2026 · Jatuh tempo 29/9/2026

LUNAS

KEPADA

Cynthia Tan

081210000301

Jl. Boulevard Barat Raya No. 12, Kelapa Gading, Jakarta Utara, DKI Jakarta

ITEM	QTY	HARGA	DISKON	TOTAL
Paket Basic 5x	1	Rp 750.000	-	Rp 750.000
Subtotal
Rp 750.000
Total
Rp 750.000
Sudah dibayar
Rp 750.000

Pembelian paket: Paket Basic 5x

Saldo saat ini: 5 sesi · Berlaku hingga 27/3/2027

Saldo ini mencerminkan kondisi paket saat dokumen dibuka, bukan kondisi historis saat invoice ini pertama diterbitkan.

Syarat & Ketentuan

Paket berlaku untuk layanan sesuai katalog. Sesi yang sudah digunakan tidak dapat diuangkan kembali. Jadwal kunjungan mengikuti ketersediaan groomer.
