invoice=01a0e8ee-5da3-7543-a6a0-b6e5b2954715
invoice_number=PKG-20260928-3011D719 invoice_total=750000 independent_amounts=375000+425000
same_request_key=63e707b1-8ec6-45af-84ef-b79fd7f65023
=== same-key session A ===
BEGIN
SET
                                              set_config                                               
-------------------------------------------------------------------------------------------------------
 {"sub":"e0000000-0000-4000-8000-000000000001","active_org_id":"d0000000-0000-4000-8000-000000000001"}
(1 row)

         before_record         
-------------------------------
 2026-09-28 17:03:51.457903+00
(1 row)

                  id                  |             request_key              | amount  
--------------------------------------+--------------------------------------+---------
 01a0e8f9-0eac-760c-a9a6-199be540d525 | 63e707b1-8ec6-45af-84ef-b79fd7f65023 | 1000.00
(1 row)

         after_record          
-------------------------------
 2026-09-28 17:03:51.473549+00
(1 row)

 pg_sleep 
----------
 
(1 row)

COMMIT
=== same-key session B ===
BEGIN
SET
                                              set_config                                               
-------------------------------------------------------------------------------------------------------
 {"sub":"e0000000-0000-4000-8000-000000000001","active_org_id":"d0000000-0000-4000-8000-000000000001"}
(1 row)

         before_record         
-------------------------------
 2026-09-28 17:03:51.863487+00
(1 row)

                  id                  |             request_key              | amount  
--------------------------------------+--------------------------------------+---------
 01a0e8f9-0eac-760c-a9a6-199be540d525 | 63e707b1-8ec6-45af-84ef-b79fd7f65023 | 1000.00
(1 row)

         after_record          
-------------------------------
 2026-09-28 17:03:53.499033+00
(1 row)

 pg_sleep 
----------
 
(1 row)

COMMIT
same-key payment count=1
=== competing session A ===
BEGIN
SET
                                              set_config                                               
-------------------------------------------------------------------------------------------------------
 {"sub":"e0000000-0000-4000-8000-000000000001","active_org_id":"d0000000-0000-4000-8000-000000000001"}
(1 row)

         before_record         
-------------------------------
 2026-09-28 17:03:54.011871+00
(1 row)

                  id                  |             request_key              |  amount   
--------------------------------------+--------------------------------------+-----------
 01a0e8f9-18a6-775d-8825-82e4773b95bb | 872cce5b-8279-425c-b1ca-5774c4eaed20 | 375000.00
(1 row)

         after_record          
-------------------------------
 2026-09-28 17:03:54.027194+00
(1 row)

 pg_sleep 
----------
 
(1 row)

COMMIT
=== competing session B ===
BEGIN
SET
                                              set_config                                               
-------------------------------------------------------------------------------------------------------
 {"sub":"e0000000-0000-4000-8000-000000000001","active_org_id":"d0000000-0000-4000-8000-000000000001"}
(1 row)

         before_record         
-------------------------------
 2026-09-28 17:03:54.413679+00
(1 row)

                  id                  |             request_key              |  amount   
--------------------------------------+--------------------------------------+-----------
 01a0e8f9-2087-7507-907e-0d18461aff8e | acdf52a8-4b1c-4e17-8b5d-e30a7d722f5c | 425000.00
(1 row)

         after_record          
-------------------------------
 2026-09-28 17:03:56.044903+00
(1 row)

 pg_sleep 
----------
 
(1 row)

COMMIT
=== final database state ===
    invoice_number     | status |   total   | overpaid_amount | payment_count | paid_total 
-----------------------+--------+-----------+-----------------+---------------+------------
 PKG-20260928-3011D719 | paid   | 750000.00 | 51000.00        |             3 |  801000.00
(1 row)

