invoice: http://127.0.0.1:3003/invoices/01a0eb0d-c3f2-72fd-9a04-c2e4de54c8ee
← Kembali ke Keuangan
WhatsApp: invoice belum lunas
Salin pesan
Cetak / Unduh PDF
HomePaw Demo

Grooming profesional di rumah Anda

Invoice INV-20260929-7C661EBB

Terbit 29/9/2026 · Jatuh tempo 30/9/2026

TERBIT

KEPADA

Rico Wijaya

081210000302

Jl. Danau Sunter Utara Blok C2 No. 8, Sunter, Jakarta Utara, DKI Jakarta

Hewan: Mochi

GROOMER

Andi

ITEM	QTY	HARGA	DISKON	TOTAL
Basic Grooming	1	Rp 175.000	-	Rp 175.000
Transport fee	1	Rp 35.000	-	Rp 35.000
Subtotal
Rp 210.000
Total
Rp 210.000
Sisa tagihan
Rp 210.000

INSTRUKSI PEMBAYARAN

BCA (Utama)

1234567890

a.n. HomePaw Demo

DOKUMENTASI

Before

After

Simpan catatan
