
> web@0.1.0 test:batch1b
> tsx --test test/booking-reschedule.test.ts test/booking-series-contract.test.ts test/availability-blocks.test.ts test/branch-availability-contract.test.ts test/safe-archive-contract.test.ts test/groomer-management-contract.test.ts test/attendance-contract.test.ts test/groomer-performance-contract.test.ts test/complaint-lifecycle-contract.test.ts test/invoice-workflow-contract.test.ts test/mutation-safety.test.ts test/reschedule-steps.test.ts test/use-server-exports.test.ts test/onboarding-contract.test.ts test/styling-references-contract.test.ts test/complimentary-discount-contract.test.ts test/calendar-bulk-contract.test.ts test/service-size-pricing-contract.test.ts test/invoice-discounts-contract.test.ts

✔ attendance is tenant isolated and RPC writes stay authenticated (2.0461ms)
✔ check-in requires the assigned groomer, linked photo and valid GPS (0.6659ms)
✔ server classifies lateness and payroll can audit exceptions (0.3294ms)
✔ a valid one-off blackout parses into branch-local instants (73.4427ms)
✔ a late-evening blackout crosses the UTC date boundary correctly (1.4594ms)
✔ zero-length and inverted windows are rejected (0.5739ms)
✔ a resource outside the selected branch is rejected (0.2545ms)
✔ a missing or non-string resource id is rejected (0.3223ms)
✔ an empty accessible-resource set blocks all blackout creation (0.2131ms)
✔ malformed dates and times are rejected (0.3545ms)
✔ a blank reason normalizes to null and an over-long one is rejected (1.3703ms)
✔ the maximum span guard is enforced (1.6484ms)
✔ ranges are half-open, matching tstzrange [start, end) (0.6116ms)
✔ a blackout over an active assigned booking is rejected (0.4669ms)
✔ an INACTIVE assignment does not block a blackout (0.2128ms)
✔ another groomer's booking does not block (0.1728ms)
✔ an adjacent booking does not block (0.1623ms)
✔ no assignments means no conflict (0.1574ms)
✔ parseTstzRange reads a Postgres tstzrange literal's bounds (0.5766ms)
✔ parseTstzRange rejects malformed or unparseable literals rather than guessing (0.2511ms)
✔ deriveActiveAssignmentWindows sources bounds from `during`, and excludes a soft-deleted booking's row (0.3843ms)
✔ deriveActiveAssignmentWindows drops a row with a malformed `during` or a non-string identifier rather than guessing (0.2258ms)
✔ v3 correction 4 regression: conflict detection follows booking_resources.during, not the parent booking's own starts_at/ends_at, when the two differ (0.2373ms)
✔ rescheduling into a blackout is detected for the targeted groomer (0.3316ms)
✔ only the targeted groomers' blackouts are considered (0.1641ms)
✔ a multi-pet reschedule checks every targeted groomer (0.1972ms)
✔ a soft-removed blackout is excluded by the schedule read contract (1.5672ms)
✔ a WhatsApp URL is built from a local number with the country prefix (0.4277ms)
✔ separators and spacing in stored numbers are normalized (0.1669ms)
✔ prefilled text is percent-encoded so it cannot corrupt the query string (0.1896ms)
✔ an unusable phone number yields no link rather than a broken one (0.2168ms)
✔ an already-international number is left intact (0.1754ms)
✔ no message means no query string at all (0.1493ms)
✔ reschedulable statuses exclude in_progress and every terminal status (4.0583ms)
✔ cancellable statuses include in_progress but no terminal status (0.513ms)
✔ rescheduling a terminal or in-progress booking is rejected by the parser (0.6758ms)
✔ an unknown status is rejected rather than allowed through (0.2572ms)
✔ wall-clock input is interpreted in the branch timezone (102.3864ms)
✔ a late branch-local time lands on the previous UTC calendar day (1.9147ms)
✔ the same wall clock in a negative-offset branch resolves to a different instant (2.647ms)
✔ requires ends_at strictly after starts_at (0.5248ms)
✔ rejects malformed dates and times (0.3809ms)
✔ parseClockMinutes accepts only zero-padded 24-hour values (0.3612ms)
✔ fulfillment mode is restricted to the schema's enum (0.2954ms)
✔ over-long notes are rejected (0.1884ms)
✔ blank notes normalize to null rather than an empty string (1.2741ms)
✔ a pet id not on this booking is rejected (0.3075ms)
✔ a resource outside the booking's branch is rejected (0.1766ms)
✔ an empty accessible-resource set rejects every assignment (0.2322ms)
✔ multi-pet bookings keep independent groomers (1.2783ms)
✔ two pets may share one groomer (1.297ms)
✔ a pet entirely absent from the submitted map is rejected, not silently kept as-is (0.2664ms)
✔ a pet present with an empty string selection is rejected, not treated as no-op (0.1871ms)
✔ a pet present with a non-string selection is rejected (0.1865ms)
✔ a booking with a single pet still requires that pet's assignment (1.2797ms)
✔ a booking with no pets requires no assignment and succeeds with an empty map (1.2523ms)
✔ an unchanged assignment set only refreshes the occupied window (0.6479ms)
✔ reassigning deactivates the old resource and activates the new one (0.3688ms)
✔ a previously released row is reactivated rather than inserted again (0.2141ms)
✔ an inactive row not in the desired set is never activated accidentally (0.1829ms)
✔ dropping every assignment deactivates all active rows and activates none (0.1827ms)
✔ the exclusion violation is recognised as a slot conflict (0.4562ms)
✔ authorization, transition, and not-found failures are distinguished (0.6346ms)
✔ anything unrecognised is unexpected, never optimistically allowed (0.2787ms)
✔ the happy path runs every step in order with no compensation (1.1188ms)
✔ a blocking blackout stops before any step runs (0.3842ms)
✔ a blackout probe failure is unexpected and writes nothing (0.3725ms)
✔ a failure on a later step compensates every already-applied step in reverse order (0.6358ms)
✔ a step failing with stale:true is reported as not_found, and still triggers compensation (0.3804ms)
✔ a step whose zero-row write matched is never treated as success (Correction 2) (0.2676ms)
✔ when compensation itself fails, the outcome is partially_applied, never a false success (0.6002ms)
✔ an uncompensatable step (null original assignment) forces partially_applied even though every other step reverses cleanly (0.5499ms)
✔ compensation continues through every applied step even after one compensation fails (2.2372ms)
✔ a failed first-step write (the booking row itself) needs no compensation, since nothing else applied (0.5461ms)
✔ a single-step reschedule (no resource or pet changes) never calls recheckStatus's result against a later step (0.273ms)
✔ a status recheck that reveals a concurrent invalid transition compensates and reports invalid_transition (0.7456ms)
✔ v4 correction 2: a status recheck error stops the sequence, compensates the booking row, and reports unexpected once compensation is verified (0.3631ms)
✔ v4 correction 2: a missing row on recheck (status and error both null) is treated the same as a recheck error (0.5049ms)
✔ v4 correction 2: when the booking-row compensation after a failed recheck cannot itself be verified, the outcome is partially_applied, never unexpected (0.4271ms)
✔ a recheck reporting a still-reschedulable status lets the sequence continue (0.3436ms)
✔ a compensation failure during the recheck's rollback is also reported as partially_applied (0.515ms)
✔ pet reassignment steps are simply absent from the sequence when nothing changed, rather than run as no-ops (0.2983ms)
✔ a second pet's RPC throwing after the first pet changed compensates the first pet, the resource, and the booking row (0.9154ms)
✔ a resource mutation that throws with an uncertain commit state is reported as partially_applied even when it did not apply (1.0061ms)
✔ a compensation that throws still lets the remaining compensations execute (0.6277ms)
✔ v4 correction 2: a status recheck that throws after the booking-row mutation stops the sequence and compensates it, rather than letting the sequence continue (0.4931ms)
✔ an ambiguous currently-failing step whose own recovery also throws is reported as partially_applied, not guessed (0.643ms)
✔ full, verified restoration of every earlier step still reports the original classified error, not ok or unexpected (0.6393ms)
✔ series creation is tenant and permission scoped (9.945ms)
✔ series children preserve immutable service and location snapshots (1.4123ms)
✔ resource collisions are explicit and support skip or atomic stop (7.7474ms)
✔ series materializes independent pet, service, and resource rows (0.5891ms)
✔ collisions can use a bounded nearby alternative time (2.9593ms)
✔ series cancellation has explicit current, future, and all scopes (0.3909ms)
✔ the occurrence materializer cannot be called by browser roles (0.5953ms)
✔ branch closure races are rejected from both mutation directions (1.9219ms)
✔ availability tables are tenant, branch and capability scoped (3.9859ms)
✔ slot recommendations consume closures and dated served-city plans (0.4561ms)
✔ management UI exposes both branch closures and served-city dates (0.3737ms)
✔ calendar move is one locked transaction with collision and blackout enforcement (2.8614ms)
✔ mass cancellation delegates every row to the canonical state machine (0.5633ms)
✔ server actions call only app-schema bulk RPCs and keep a confirmation token (0.345ms)
✔ calendar exposes drag, shift-selection, grouped controls and source badges (1.6806ms)
✔ source badges prefer membership, then complimentary, then package coverage (1.3199ms)
✔ complaints are tenant and branch isolated with no browser table writes (2.2003ms)
✔ creation validates every linked tenant entity (0.5503ms)
✔ lifecycle requires resolution notes and writes immutable history (0.2709ms)
✔ application exposes recovery, audit, filters and authorized CSV export (0.2741ms)
✔ only one active next-booking offer can exist per customer (4.6884ms)
✔ offer assignment validates the three HomePaw service scopes (0.922ms)
✔ consumption locks the booking and offer and writes an immutable line snapshot (0.9165ms)
✔ booking consumes only after confirmation and recurring copies lose the offer snapshot (4.3454ms)
✔ invoice order and frozen invoice lines receive the snapshotted amount (1.6362ms)
✔ groomer profiles carry phone, calendar color and route base coordinates (2.0271ms)
✔ groomers can link to memberships, compensation and their filtered schedule (0.4883ms)
✔ archiving is a soft delete and refuses future assigned bookings (0.4406ms)
✔ performance keeps invoice revenue unsplit and uses attributable activity (2.5003ms)
✔ retention and duration come from bounded booking history and timeline actuals (0.607ms)
✔ documentation and complaint metrics use real evidence and complaint records (0.5567ms)
✔ performance cycles can move backward and forward by month (1.5987ms)
✔ leaderboard links each groomer to a visit-level evidence drill-down (0.6259ms)
✔ invoice-level percentage discount is validated (0-100) and applied to whatever remains after prior layers (2.2812ms)
✔ invoice-level fixed discount is a single pool consumed deterministically across eligible lines (0.4364ms)
✔ an invoice discount can be restricted to Basic Grooming lines only (0.234ms)
✔ per-pet discounts are validated and applied before per-service/category/invoice layers, keyed by grooming_job_pet_id (0.3359ms)
✔ per-service discounts are keyed by service_id, not by the grooming line id, so they apply across every pet with that service (0.5808ms)
✔ per-category discounts are restricted to the four HomePaw categories and default unclassified services to Other Fees (0.2612ms)
✔ a home-service transport fee is carried onto the invoice as its own line, untouched by any discount layer (0.3791ms)
✔ a discount preview shares the exact same calculator as issuance and performs no writes (0.6159ms)
✔ every discount input is a rule (type/value/target), never a browser-supplied total, subtotal or discount amount (0.6155ms)
✔ package-covered lines are fully zeroed and skip every new discount layer without touching any fixed pool (0.4106ms)
✔ no line total or invoice total can go negative: every discount layer is clamped with least()/greatest() (0.3437ms)
✔ multiple pets and services are tracked independently via per-key maps, not a single shared running total (0.4663ms)
✔ organization isolation: both RPCs re-derive the booking's own organization_id and re-check it, never trusting a caller-supplied org (0.5943ms)
✔ unauthorized callers cannot preview or issue: no direct grant to anon, and revoke precedes the authenticated grant (1.1498ms)
✔ re-issuing for the same booking is refused once an order already exists (duplicate-submit safe) (0.287ms)
✔ issuance is one atomic PL\/pgSQL function, not sequential app-code inserts: order, order_items, invoice and invoice_lines are all written before returning (0.2458ms)
✔ issued and paid invoices stay immutable: this migration does not touch the pre-existing freeze/append-only triggers (0.2977ms)
✔ widening order_items/invoice_lines to fee preserves the package invoice type (0.1826ms)
✔ client server actions only ever pass discount RULES to the RPC, and the client-side discount panel never submits a computed total (0.3011ms)
✔ pilot-actions.ts stays a valid "use server" module: only async functions and types are exported, never a const object/array (Next.js build error) (0.2779ms)
✔ the catalog category select feeds the section-22 per-category discount vocabulary exactly (0.7366ms)
✔ run_all_gates.sh records this migration's lineage (0.1702ms)
✔ invoice workflow separates visit and package billing with immutable identity (2.4426ms)
✔ package issuance is atomic, idempotency-keyed, and ledger backed (0.4324ms)
✔ duplicate visit invoices and double-click saves are protected (0.2194ms)
✔ studio provides HomePaw invoice selection and due-date workflow (0.2849ms)
✔ unpaid detail edits are optimistic and paid invoices are locked (0.2389ms)
✔ cancellation goes through the controlled status RPC (2.9202ms)
✔ no mutation hard-deletes a row (0.6716ms)
✔ a rejected pet reassignment is never silently deleted, only deactivated or restored (0.3564ms)
✔ blackout removal is a soft delete (0.2455ms)
✔ package and resource release is not reimplemented in application code (0.4257ms)
✔ reschedule requires both the semantic and the RLS-required capability (0.2221ms)
✔ cancel requires booking.cancel and the RPC's booking.update (0.2482ms)
✔ blackout mutations require resource.manage (0.2887ms)
✔ every mutation reads capabilities rather than trusting the client (0.3727ms)
✔ no mutation trusts an organization id from the browser (1.0096ms)
✔ branch access is re-resolved server-side for every mutation (0.424ms)
✔ every write is scoped by organization_id (0.6823ms)
✔ booking writes are additionally scoped by branch (0.3771ms)
✔ no service-role credential is referenced anywhere in the mutations (0.4189ms)
✔ identifiers arriving from the form are shape-validated (0.1639ms)
✔ all cancellation and availability-removal actions require an explicit confirmation token (0.3779ms)
✔ unexpected database detail is logged server-side, not returned to the browser (0.7155ms)
✔ every exported mutation action wraps its entire body in try/catch (1.2908ms)
✔ booking mutations revalidate every affected surface (0.3486ms)
✔ the reschedule engine snapshots and compensates an arbitrary number of steps, not a fixed two (0.3729ms)
✔ a step failure that cannot be fully compensated is reported as partially_applied, never success (0.206ms)
✔ the booking row write is guarded by both status and the optimistic concurrency token (0.1923ms)
✔ every step verifies its own affected-row count rather than trusting an absent error (0.2615ms)
✔ a pet whose original groomer was null cannot be falsely reported as fully restored (0.1697ms)
✔ a newly-activated booking_resources row is deactivated on compensation, never deleted (0.2373ms)
✔ a mid-sequence status recheck exists and re-validates reschedulability (0.3106ms)
✔ the parser requires a complete, non-empty assignment for every pet on the booking (0.3154ms)
✔ the server action reads every pet's form field, including an absent or empty one, rather than skipping it (0.2404ms)
✔ blackout update and removal verify the affected row count before reporting success (0.4232ms)
✔ the preselected customer is re-read server-side within the active organization (0.1732ms)
✔ an inaccessible preselection opens the wizard normally, exposing no authorization difference (0.2569ms)
✔ a thrown step.run() is never treated as an ordinary generic error — it always routes through handleUncertainStep (0.3287ms)
✔ handleUncertainStep never guesses: no recovery method, a thrown recovery, or an unverified restore all resolve to partially_applied (0.2532ms)
✔ compensateApplied catches a throwing compensate() and keeps compensating the remaining applied steps (0.3318ms)
✔ a thrown status recheck after the booking-row mutation falls back to a neutral result rather than returning early from inside the catch (0.3919ms)
✔ v4 correction 2: a thrown recheck, a resolved recheck error, and a missing row all stop the sequence and compensate before returning, never falling through to run a later step (0.34ms)
✔ every concrete resource and pet step builder implements recoverFromUncertainRun for the thrown-run case (0.208ms)
✔ the concrete step builders are extracted into a dedicated, dependency-injectable module rather than inlined in the server action (0.2345ms)
✔ BookingResourceSnapshot captures updated_at alongside resource_id, during, and is_active (0.2992ms)
✔ every resource step guards its own write on the snapshot's updated_at, and remembers what it wrote so compensation guards on that value, not the stale snapshot (0.2575ms)
✔ v4 correction 1: recoverFromUncertainRun never writes — booking-row, resource, and pet recovery are all pure reads, so an unprovable ownership case can never mutate the row (0.4074ms)
✔ buildActivateStep distinguishes a guarded reactivation from a new-row insert, and never upserts over an existing row (0.2509ms)
✔ zero or unexpected affected rows are reported as stale, never as a silent success, throughout the resource step builders (0.2412ms)
✔ findConflictingBooking derives the active-assignment window from booking_resources.during, never from bookings.starts_at/ends_at (0.3866ms)
✔ both blackout-mutation call sites route their conflict check through findConflictingBooking (0.244ms)
✔ onboarding stores only a token hash and grants no anonymous table access (4.8543ms)
✔ public RPCs are narrow while review stays authenticated (0.5151ms)
✔ one link can create only one pending submission and is consumed (1.0996ms)
✔ approval is tenant and permission scoped and rejection never creates CRM rows (0.364ms)
✔ onboarding styling uploads are token scoped and never expose raw tokens in paths (0.2964ms)
✔ approval validates uploaded object ownership before linking it to the created pet (0.3608ms)
✔ onboarding settings are tenant and customer-manage scoped (0.2604ms)
✔ onboarding approval applies organization retention before attachment insert (0.2363ms)
✔ storage cleanup is bounded and removes objects before soft deleting metadata (0.768ms)
✔ buildDeactivateStep.run() deactivates the row and compensate() restores it, wired to a fake db through the same RescheduleDbClient interface production code uses (19.8677ms)
✔ concurrent cancellation deactivates a resource before uncertain deactivate recovery; recovery must not reactivate it (1.1492ms)
✔ a concurrent modification of a resource's window before uncertain keep recovery is not overwritten (1.3023ms)
✔ a concurrent reactivation of a resource before uncertain activate recovery is not overwritten (1.0309ms)
✔ an uncertain insert followed by an existing row does not deactivate that row (0.8041ms)
✔ an uncertain insert with no row at all is correctly reported as not applied (0.6282ms)
✔ a terminal booking status reached before uncertain booking-row recovery is not updated (1.4316ms)
✔ booking-row recovery reports not applied only when the complete current state still matches the original snapshot exactly (0.4627ms)
✔ a pet reassigned by a concurrent request before uncertain pet recovery is not reverted, and the RPC is never re-invoked by recovery (0.6666ms)
✔ archive supports explicit current, future and whole-series scopes (4.3346ms)
✔ archive refuses financial records and cleans linked visit rows (0.5184ms)
✔ archive reconciles both reserved and consumed package effects (0.482ms)
✔ service_catalog gains a nullable size price matrix that preserves base_price (3.0174ms)
✔ size and price columns are constrained non-negative / to a fixed enum (0.552ms)
✔ every supported size resolves to its own catalog column in assembly_add_line (0.409ms)
✔ a missing size or a missing size price falls back to base_price, never null/negative (0.4185ms)
✔ additional duration only ever adds time for units beyond the first, defaulting to zero impact (0.4457ms)
✔ the resolved size, price source and duration are snapshotted onto the line, never recomputed later (0.4186ms)
✔ assembly_add_line keeps its exact signature so run_all_gates.sh GATE 4's assembly-function count is unaffected (1.6973ms)
✔ manual override is a dedicated RPC outside the assembly-count gate, and requires org auth, a reason, and a non-negative price (0.4657ms)
✔ override is refused once an invoice already exists for the booking (issued invoice immutability boundary) (0.4669ms)
✔ override writes an auditable trail and revokes public/anon execute (2.9447ms)
✔ financial_sales invoice/invoice_lines immutability triggers are untouched by this migration (0.6649ms)
✔ run_all_gates.sh records this migration's lineage (1.2509ms)
✔ client server actions gate service-catalog writes and the price override behind service.manage, never trusting a client-supplied booking price (1.2131ms)
✔ service create/update stay organization-scoped and validate every size price is a non-negative number or blank (0.4614ms)
✔ pet size selection is optional and constrained to the four supported bands (0.189ms)
✔ catalog admin UI exposes size prices, additional duration and fulfillment-mode checkboxes for editing (0.2576ms)
✔ operations pricing data snapshots price_source per line so overridden lines are distinguishable (0.1941ms)
✔ multiple services per pet remain supported: assembly_add_line is called once per selected service, unbounded by size logic (0.7249ms)
✔ styling reference bucket is private and tenant partitioned (3.2879ms)
✔ upload validates tenant pet ownership and stores bounded expiry metadata (0.6283ms)
✔ loaders hide expired references and issue short lived signed urls (0.3674ms)
✔ actions.ts starts with the "use server" directive (91.6237ms)
✔ every export from actions.ts is an async function declaration (36.8089ms)
✔ actions.ts does not declare or export MutationState/IDLE_STATE itself (29.5141ms)
✔ actions.ts imports MutationState as a type-only import from lib/schedule/idle_state (27.2164ms)
✔ lib/schedule/idle_state.ts owns MutationState and IDLE_STATE, and carries no directive (5.6795ms)
✔ blackout-manager and booking-edit-form import IDLE_STATE from idle_state.ts, not from actions.ts (50.1548ms)
ℹ tests 241
ℹ suites 0
ℹ pass 241
ℹ fail 0
ℹ cancelled 0
ℹ skipped 0
ℹ todo 0
ℹ duration_ms 3877.9316
