
> web@0.1.0 test:batch1a
> tsx --test test/timezone.test.ts test/schedule-layout.test.ts test/schedule-segments.test.ts test/schedule-assignments.test.ts test/search-and-profile.test.ts test/zoned-formatting.test.ts test/authorization.test.ts test/booking-week.test.ts test/maps.test.ts test/slot-recommendations.test.ts test/booking-chat-parser.test.ts

✔ a membership with explicit grants sees only those branches (4.1297ms)
✔ branches.all sees every organization branch (0.7853ms)
✔ an inaccessible branch cannot be selected through a query parameter (0.2936ms)
✔ a membership with no branch grants sees nothing (0.2103ms)
✔ each permission-bearing tab declares its required capability (0.3058ms)
✔ unauthorized tabs are not offered (0.3992ms)
✔ granting a capability reveals exactly its tab (5.1964ms)
✔ a tab reached by editing the query string is still denied (0.6836ms)
✔ all capabilities default to denied (0.9485ms)
✔ totals are grouped per currency and never added across currencies (1.1451ms)
✔ numeric strings from the database are coerced (0.3904ms)
✔ a missing currency is labelled rather than merged into another (0.4481ms)
✔ no payments yields no currency rows, which is distinct from restricted (0.2713ms)
✔ currency rows are ordered by amount descending (0.4092ms)
✔ parses a HomePaw booking chat into one customer and multiple pets (4.9271ms)
✔ shares a single pet field value across every parsed pet (1.1429ms)
✔ caps imports at ten pets and tolerates unrelated chat lines (1.0055ms)
✔ expands a Monday anchor into its seven calendar dates (7.8599ms)
✔ crosses a month boundary without drift (0.562ms)
✔ a booking is bucketed by its OWN branch's zone, not a shared org zone (77.2277ms)
✔ two branches in different zones disagree on the day for a near-midnight instant (0.9457ms)
✔ falls back to the supplied default zone when the branch is not in the map (0.6421ms)
✔ groups a week of bookings onto all seven day buckets, including empty ones (1.2702ms)
✔ a booking whose branch zone pushes it outside the requested week is dropped, not misfiled (0.8808ms)
✔ parses common Google Maps coordinate formats (7.7095ms)
✔ only recognizes allow-listed Google short-link hosts (1.2397ms)
✔ an inactive assignment does not make a booking match a selected groomer (3.7372ms)
✔ an inactive assignment does not match even when another groomer is active on the booking (0.4779ms)
✔ an inactive assignment is absent from resourceIds in an unfiltered read (0.5527ms)
✔ a missing, null, or non-boolean active flag is treated as released (0.36ms)
✔ malformed assignment rows are ignored rather than throwing (0.3514ms)
✔ active assignments still place a booking under their groomer (0.4901ms)
✔ an active assignment for two groomers yields both columns (0.4624ms)
✔ a selection narrows active assignments to the selected groomers only (0.2559ms)
✔ an unassigned booking yields no columns but is not discarded (0.2924ms)
✔ the unfiltered select omits !inner so unassigned bookings survive the join (0.3803ms)
✔ the filtered select uses !inner so the groomer restriction reaches the parent rows (0.2516ms)
✔ both selects request is_active, since the derivation depends on it (0.2485ms)
✔ per-pet assigned resources still contribute columns (0.2578ms)
✔ a per-pet assignment survives alongside a released booking-level assignment (0.2045ms)
✔ null per-pet assignments are skipped without collapsing the rest (0.4925ms)
✔ a resource appearing as both an active assignment and a pet assignment is not duplicated (0.4975ms)
✔ a resource outside the active branch is excluded even when actively assigned (0.3792ms)
✔ guards the view parameter against arbitrary input (3.0445ms)
✔ expands each view into the right number of day columns (2.2456ms)
✔ week view snaps to a Monday start regardless of the requested day (0.6108ms)
✔ uses configured business hours when nothing falls outside them (0.4122ms)
✔ widens the window so an early or late booking is never hidden (0.3478ms)
✔ ignores zero-length and inverted spans when widening (0.2329ms)
✔ never produces an empty window (0.3364ms)
✔ positions a span proportionally inside the window (0.4427ms)
✔ drops spans that fall entirely outside the window (0.9024ms)
✔ clamps a span that straddles the window edge (3.4165ms)
✔ keeps a very short booking clickable rather than zero-height (0.409ms)
✔ emits inclusive time-axis markers (0.2894ms)
✔ formats minute offsets as a zero-padded clock (0.2881ms)
✔ places a same-day booking on exactly one day (71.3565ms)
✔ a booking starting before the window is still placed inside it (3.2844ms)
✔ a booking crossing local midnight appears on both days (2.0867ms)
✔ a multi-day occupancy fills every intermediate day (4.101ms)
✔ returns no segments when the range misses every requested day (1.4604ms)
✔ rejects a zero-length or inverted range (0.4605ms)
✔ segment minutes are branch-local, not UTC (1.5422ms)
✔ bounds derive from segments, so a filtered-out groomer cannot stretch the axis (2.1997ms)
✔ requires a minimum term length (2.1554ms)
✔ trims surrounding whitespace and caps length (1.7236ms)
✔ rejects non-string input (0.2413ms)
✔ escapes LIKE metacharacters so a query cannot widen its own match (0.3831ms)
✔ hostile terms survive normalization without being rejected outright (0.3136ms)
✔ LIKE metacharacters are escaped and no others are introduced (1.6427ms)
✔ PostgREST structural characters pass through as ordinary text (0.7107ms)
✔ an injected filter fragment stays a literal search term (0.9389ms)
✔ a single character is rejected before any query is built (5.2895ms)
✔ deduplicates customers matched by both name and phone (44.0144ms)
✔ merge preserves first-seen ordering and tolerates empty inputs (0.7867ms)
✔ derives grooming size bands from weight (1.8995ms)
✔ returns no size band for missing or invalid weight (0.8975ms)
✔ renders age from a birthdate (1.2757ms)
✔ rejects unusable birthdates including future dates (0.2305ms)
✔ surfaces only scalar metadata as custom fields (0.9332ms)
✔ tolerates non-object metadata (0.962ms)
✔ reads medical flags from both object and array shapes (0.9211ms)
✔ haversine returns a plausible Jakarta distance (2.2292ms)
✔ traffic factor is higher in morning and evening peaks (1.1187ms)
✔ recommends only common free windows for every selected groomer (79.8986ms)
✔ uses the previous stop before branch base for route scoring (7.5027ms)
✔ an explicitly selected customer anchor overrides the previous stop (3.5356ms)
✔ same-city days rank above a groomer day already committed to another city (7.0064ms)
✔ resolves a fixed positive offset (81.2594ms)
✔ resolves a negative offset (13.9166ms)
✔ maps an instant to its branch-local calendar day (6.7762ms)
✔ reads local minutes from midnight, not UTC minutes (9.0467ms)
✔ round-trips a local date and minute offset through UTC (1.789ms)
✔ local midnight is not UTC midnight (0.6731ms)
✔ survives a DST transition zone without shifting the local wall clock (4.4394ms)
✔ counts whole local days across a UTC day boundary (2.9288ms)
✔ shifts ISO dates across month and year ends (0.4044ms)
✔ guards malformed date input (1.4074ms)
✔ the fixture really does straddle the UTC/Jakarta date boundary (59.5853ms)
✔ formatZonedDate reports the branch calendar date, not the UTC one (9.9935ms)
✔ formatZonedDateTime reports the branch wall clock (5.5125ms)
✔ formatZonedDayLong reports the branch weekday (1.8977ms)
✔ formatters accept both Date and ISO string inputs identically (4.2571ms)
✔ a branch in a negative offset zone also shifts the reported date (1.3598ms)
✔ default branch timezone prefers the explicit default branch (0.534ms)
✔ default branch timezone falls back to the first branch when none is flagged (0.3426ms)
✔ timezone resolution reports an explicit fallback when no branch is readable (0.5001ms)
ℹ tests 107
ℹ suites 0
ℹ pass 107
ℹ fail 0
ℹ cancelled 0
ℹ skipped 0
ℹ todo 0
ℹ duration_ms 2472.8146
