
> web@0.1.0 build
> next build

▲ Next.js 16.2.12 (Turbopack)
- Environments: .env.local
- Experiments (use with caution):
  · serverActions

  Creating an optimized production build ...
✓ Compiled successfully in 8.0s
  Running TypeScript ...
  Finished TypeScript in 11.7s ...
  Collecting page data using 11 workers ...
  Generating static pages using 11 workers (0/31) ...
  Generating static pages using 11 workers (7/31) 
  Generating static pages using 11 workers (15/31) 
  Generating static pages using 11 workers (23/31) 
✓ Generating static pages using 11 workers (31/31) in 596ms
  Finalizing page optimization ...

Route (app)
┌ ƒ /
├ ○ /_not-found
├ ƒ /api/availability/slots
├ ƒ /api/complaints/export
├ ƒ /api/health/supabase
├ ƒ /api/maps/expand
├ ƒ /api/onboarding/[token]
├ ƒ /api/search
├ ƒ /attendance
├ ƒ /bookings
├ ƒ /catalog
├ ƒ /complaints
├ ƒ /customers
├ ƒ /customers/[customerId]
├ ƒ /customers/onboarding
├ ƒ /dashboard
├ ƒ /finance
├ ƒ /followups
├ ƒ /inventory
├ ƒ /invoices/new
├ ƒ /join/[token]
├ ƒ /leaderboard
├ ƒ /leaderboard/[resourceId]
├ ƒ /login
├ ƒ /my-schedule
├ ƒ /operations
├ ƒ /organizations
├ ƒ /payroll
├ ƒ /payroll/export
├ ƒ /programs
├ ƒ /reports
├ ƒ /schedule
└ ƒ /tasks


ƒ Proxy (Middleware)

○  (Static)   prerendered as static content
ƒ  (Dynamic)  server-rendered on demand

