
########## GATE 1 — strict TypeScript typecheck ##########
npm WARN deprecated inflight@1.0.6: This module is not supported, and leaks memory. Do not use it. Check out lru-cache if you want a good and tested way to coalesce async requests by a key value, which is much more comprehensive and powerful.
npm WARN deprecated rimraf@2.7.1: Rimraf versions prior to v4 are no longer supported
npm WARN deprecated lodash.isequal@4.5.0: This package is deprecated. Use require('node:util').isDeepStrictEqual instead.
npm WARN deprecated glob@7.2.3: Old versions of glob are not supported, and contain widely publicized security vulnerabilities, which have been fixed in the current version. Please update. Support for old versions may be purchased (at exorbitant rates) by contacting i@izs.me
npm WARN deprecated fstream@1.0.12: This package is no longer supported.
npm WARN deprecated uuid@8.3.2: uuid@10 and below is no longer supported.  For ESM codebases, update to uuid@latest.  For CommonJS codebases, use uuid@11 (but be aware this version will likely be deprecated in 2028).

added 497 packages, and audited 503 packages in 2m

157 packages are looking for funding
  run `npm fund` for details

8 vulnerabilities (2 moderate, 5 high, 1 critical)

To address issues that do not require attention, run:
  npm audit fix

To address all issues (including breaking changes), run:
  npm audit fix --force

Run `npm audit` for details.
Version 5.9.3
typecheck exit=0

########## GATE 2 — workspace build ##########

> web@0.1.0 build
> next build

▲ Next.js 16.2.12 (Turbopack)
- Environments: .env.local
- Experiments (use with caution):
  · serverActions

  Creating an optimized production build ...
✓ Compiled successfully in 18.8s
  Running TypeScript ...
  Finished TypeScript in 26.1s ...
  Collecting page data using 11 workers ...
  Generating static pages using 11 workers (0/31) ...
  Generating static pages using 11 workers (7/31) 
  Generating static pages using 11 workers (15/31) 
  Generating static pages using 11 workers (23/31) 
✓ Generating static pages using 11 workers (31/31) in 3.0s
  Finalizing page optimization ...

Route (app)
┌ ƒ /
├ ○ /_not-found
├ ƒ /api/availability/slots
├ ƒ /api/complaints/export
├ ƒ /api/health/supabase
├ ƒ /api/maps/expand
├ ƒ /api/onboarding/[token]
├ ƒ /api/search
├ ƒ /attendance
├ ƒ /bookings
├ ƒ /catalog
├ ƒ /complaints
├ ƒ /customers
├ ƒ /customers/[customerId]
├ ƒ /customers/onboarding
├ ƒ /dashboard
├ ƒ /finance
├ ƒ /followups
├ ƒ /inventory
├ ƒ /invoices/new
├ ƒ /join/[token]
├ ƒ /leaderboard
├ ƒ /leaderboard/[resourceId]
├ ƒ /login
├ ƒ /my-schedule
├ ƒ /operations
├ ƒ /organizations
├ ƒ /payroll
├ ƒ /payroll/export
├ ƒ /programs
├ ƒ /reports
├ ƒ /schedule
└ ƒ /tasks


ƒ Proxy (Middleware)

○  (Static)   prerendered as static content
ƒ  (Dynamic)  server-rendered on demand


> @operro/sdk@0.1.0 build
> tsc -b --force


> @operro/preset-grooming@0.1.0 build
> tsc -b --force


> @operro/backend@0.1.0 build
> tsc -b --force

-rwxrwxrwx 1 dw_winston dw_winston 403 Sep 28 20:03 packages/backend/dist/index.d.ts
-rwxrwxrwx 1 dw_winston dw_winston 368 Sep 28 20:03 packages/backend/dist/index.js
-rwxrwxrwx 1 dw_winston dw_winston 329 Sep 28 20:03 packages/preset-grooming/dist/index.d.ts
-rwxrwxrwx 1 dw_winston dw_winston 294 Sep 28 20:03 packages/preset-grooming/dist/index.js
-rwxrwxrwx 1 dw_winston dw_winston 222 Sep 28 20:03 packages/sdk/dist/index.d.ts
-rwxrwxrwx 1 dw_winston dw_winston 187 Sep 28 20:03 packages/sdk/dist/index.js

########## GATE 3 — in-memory + preset-contract tests ##########
PASS: 1 authorized addPet delegates to repo/RPC
PASS: 2 addLine defaults quantity to 1
PASS: 3 missing module denied
PASS: 4 wrong-branch denied
PASS: 5 missing permission denied
PASS: 6 voidLine without reason -> BUSINESS_RULE, no RPC
PASS: 7 setLineQuantity(0) -> BUSINESS_RULE
PASS: 8 repo 42501 -> AUTHORIZATION
PASS: 9 repo 23505 -> CONFLICT
PASS: 10 repo pet_customer_mismatch -> BUSINESS_RULE
PASS: 11 assignPetResource delegates to repo/RPC
PASS: 12 getJob returns empty job with real branchId (item 5)

12 assertions passed.
PASS: 1 42501/wrong_branch -> AUTHORIZATION
PASS: 2 pet_already_on_booking -> CONFLICT
PASS: 3 line_not_found -> NOT_FOUND
PASS: 4 pet_customer_mismatch -> BUSINESS_RULE
PASS: 5 resource_not_active_or_not_in_branch classified
PASS: 6 package_requires_unit_quantity -> BUSINESS_RULE
PASS: 7 unknown -> INTERNAL
PASS: 8 prefix match returns stable code
PASS: 9 contract includes resource_not_active_or_not_in_branch
PASS: 10 obsolete resource_not_active_or_not_in_org removed
PASS: 11 RPC name from preset
PASS: 12 gate from preset
PASS: 13 repository methods accept preset Repo* input types (compile-time)

13 assertions passed.

########## GATE 4 — fresh PostgreSQL migrate (timestamped lineage incl 00150) ##########
psql:supabase/migrations/20260721000100_extensions_and_helpers.sql:47: NOTICE:  extension "pgcrypto" already exists, skipping
psql:supabase/migrations/20260721000150_fix_uuidv7_supabase.sql:22: NOTICE:  extension "pgcrypto" already exists, skipping
psql:supabase/migrations/20260721001300_core_neutrality_grooming_lines.sql:488: NOTICE:  BACKFILL OK: all legacy grooming pet/service values mapped; no non-grooming booking carries pet_id/service_id.
psql:supabase/migrations/20260916150000_customer_program_tenant_isolation.sql:45: NOTICE:  policy "membership_plans_org_isolation" for relation "public.membership_plans" does not exist, skipping
psql:supabase/migrations/20260916150000_customer_program_tenant_isolation.sql:45: NOTICE:  policy "customer_memberships_org_isolation" for relation "public.customer_memberships" does not exist, skipping
psql:supabase/migrations/20260916150000_customer_program_tenant_isolation.sql:45: NOTICE:  policy "packages_org_isolation" for relation "public.packages" does not exist, skipping
psql:supabase/migrations/20260916150000_customer_program_tenant_isolation.sql:45: NOTICE:  policy "customer_packages_org_isolation" for relation "public.customer_packages" does not exist, skipping
psql:supabase/migrations/20260916150000_customer_program_tenant_isolation.sql:45: NOTICE:  policy "customer_package_ledger_org_isolation" for relation "public.customer_package_ledger" does not exist, skipping
psql:supabase/migrations/20260916150000_customer_program_tenant_isolation.sql:45: NOTICE:  policy "loyalty_accounts_org_isolation" for relation "public.loyalty_accounts" does not exist, skipping
psql:supabase/migrations/20260916150000_customer_program_tenant_isolation.sql:45: NOTICE:  policy "loyalty_ledger_org_isolation" for relation "public.loyalty_ledger" does not exist, skipping
psql:supabase/migrations/20260916150000_customer_program_tenant_isolation.sql:45: NOTICE:  policy "wallet_accounts_org_isolation" for relation "public.wallet_accounts" does not exist, skipping
psql:supabase/migrations/20260916150000_customer_program_tenant_isolation.sql:45: NOTICE:  policy "wallet_ledger_org_isolation" for relation "public.wallet_ledger" does not exist, skipping
psql:supabase/migrations/20260916150000_customer_program_tenant_isolation.sql:45: NOTICE:  policy "referrals_org_isolation" for relation "public.referrals" does not exist, skipping
assembly fns: 8

########## GATE 5 — assembly RPC tests ##########
CREATE FUNCTION
CREATE FUNCTION
BEGIN
INSERT 0 1
INSERT 0 1
INSERT 0 1
INSERT 0 1
INSERT 0 1
INSERT 0 1
INSERT 0 1
INSERT 0 0
INSERT 0 4
INSERT 0 2
INSERT 0 1
INSERT 0 2
INSERT 0 3
INSERT 0 2
INSERT 0 1
INSERT 0 1
INSERT 0 3
INSERT 0 1
INSERT 0 1
INSERT 0 1
INSERT 0 1
DO
psql:supabase/tests/20260721001350_test_assembly.sql:84: NOTICE:  PASS: C1 add_pet accepts pet owned by booking customer
DO
psql:supabase/tests/20260721001350_test_assembly.sql:92: NOTICE:  PASS: C2 cross-customer pet rejected pet_customer_mismatch
DO
DO
psql:supabase/tests/20260721001350_test_assembly.sql:100: NOTICE:  PASS: C3 add_line snapshots catalog duration 90 (not default 60)
psql:supabase/tests/20260721001350_test_assembly.sql:109: NOTICE:  PASS: C4 inactive service rejected
DO
psql:supabase/tests/20260721001350_test_assembly.sql:109: NOTICE:  PASS: C5 soft-deleted service rejected
psql:supabase/tests/20260721001350_test_assembly.sql:128: NOTICE:  PASS: C6 assign_pet_resource sets the groomer
psql:supabase/tests/20260721001350_test_assembly.sql:128: NOTICE:  PASS: C7 reassignment writes a reassigned audit event
psql:supabase/tests/20260721001350_test_assembly.sql:128: NOTICE:  PASS: C8 retired/inactive resource rejected
DO
psql:supabase/tests/20260721001350_test_assembly.sql:128: NOTICE:  PASS: C8b cross-branch resource rejected (not_active_or_not_in_branch)
psql:supabase/tests/20260721001350_test_assembly.sql:145: NOTICE:  PASS: C9 reserve rejects qty<>1 line (package_requires_unit_quantity)
psql:supabase/tests/20260721001350_test_assembly.sql:145: NOTICE:  PASS: C10 qty=1 line reserves a package session
DO
psql:supabase/tests/20260721001350_test_assembly.sql:145: NOTICE:  PASS: C11 set_qty rejects line with package reservation (any status)
psql:supabase/tests/20260721001350_test_assembly.sql:162: NOTICE:  PASS: C12 availability is 2 (1 reserved of 3) before removal
psql:supabase/tests/20260721001350_test_assembly.sql:162: NOTICE:  PASS: C13 remove_pet released the reservation; availability back to 3
psql:supabase/tests/20260721001350_test_assembly.sql:162: NOTICE:  PASS: C14 reservation row preserved with status released
DO
psql:supabase/tests/20260721001350_test_assembly.sql:162: NOTICE:  PASS: C15 repeated removal cannot double-release (pet_not_found)
psql:supabase/tests/20260721001350_test_assembly.sql:174: NOTICE:  PASS: C16 re-adding a removed pet raises stable pet_removal_is_permanent
DO
ROLLBACK

########## GATE 6 — package-reservation regression tests ##########
CREATE FUNCTION
CREATE FUNCTION
BEGIN
INSERT 0 1
INSERT 0 1
INSERT 0 1
INSERT 0 1
INSERT 0 1
INSERT 0 1
INSERT 0 1
INSERT 0 0
INSERT 0 4
INSERT 0 2
INSERT 0 1
INSERT 0 2
INSERT 0 1
INSERT 0 2
INSERT 0 1
INSERT 0 1
INSERT 0 5
INSERT 0 5
DO
CREATE SEQUENCE
CREATE FUNCTION
DO
psql:supabase/tests/20260721001350_test_reservation.sql:86: NOTICE:  PASS: R1 qty<>1 rejected (package_requires_unit_quantity)
DO
psql:supabase/tests/20260721001350_test_reservation.sql:93: NOTICE:  PASS: R2 qty=1 accepted
DO
psql:supabase/tests/20260721001350_test_reservation.sql:101: NOTICE:  PASS: R3 expired package rejected (package_expired)
psql:supabase/tests/20260721001350_test_reservation.sql:109: NOTICE:  PASS: R4 service mismatch rejected
DO
psql:supabase/tests/20260721001350_test_reservation.sql:117: NOTICE:  PASS: R5 customer mismatch rejected
DO
DO
psql:supabase/tests/20260721001350_test_reservation.sql:125: NOTICE:  PASS: R6 missing package rejected (package_not_found)
psql:supabase/tests/20260721001350_test_reservation.sql:173: NOTICE:  PASS: R7a exactly three reserved lifecycle rows exist
psql:supabase/tests/20260721001350_test_reservation.sql:173: NOTICE:  PASS: R7b availability is 0 before expiration processing (three stale-but-reserved holds)
psql:supabase/tests/20260721001350_test_reservation.sql:173: NOTICE:  PASS: R7c new reservation succeeds after stale holds expired
psql:supabase/tests/20260721001350_test_reservation.sql:173: NOTICE:  PASS: R7d the three stale rows changed to expired
psql:supabase/tests/20260721001350_test_reservation.sql:173: NOTICE:  PASS: R7e the new reservation is reserved
psql:supabase/tests/20260721001350_test_reservation.sql:173: NOTICE:  PASS: R7f final availability is correct (3 total - 1 active = 2)
DO
psql:supabase/tests/20260721001350_test_reservation.sql:189: NOTICE:  PASS: R8a set_qty rejected while RESERVED
psql:supabase/tests/20260721001350_test_reservation.sql:189: NOTICE:  PASS: R8b set_qty rejected while CONSUMED
DO
psql:supabase/tests/20260721001350_test_reservation.sql:189: NOTICE:  PASS: R8c set_qty rejected while REVERSED/RELEASED
DO
psql:supabase/tests/20260721001350_test_reservation.sql:196: NOTICE:  PASS: R8d set_qty rejected while RELEASED
DO
psql:supabase/tests/20260721001350_test_reservation.sql:203: NOTICE:  PASS: R8e set_qty rejected while EXPIRED
psql:supabase/tests/20260721001350_test_reservation.sql:213: NOTICE:  PASS: R9 reserve rejected on completed booking (booking_not_open_for_assembly)
DO
ROLLBACK

########## GATE 6b — payroll engine tests (sections 32-33) ##########
CREATE FUNCTION
CREATE FUNCTION
BEGIN
INSERT 0 1
INSERT 0 1
INSERT 0 4
INSERT 0 4
INSERT 0 2
INSERT 0 4
INSERT 0 4
INSERT 0 0
INSERT 0 10
INSERT 0 2
INSERT 0 3
INSERT 0 1
INSERT 0 3
INSERT 0 2
INSERT 0 14
INSERT 0 2
INSERT 0 1
INSERT 0 1
INSERT 0 1
INSERT 0 1
INSERT 0 9
DO
INSERT 0 1
DO
                                                complete_booking                                                 
-----------------------------------------------------------------------------------------------------------------
 {"reason": null, "completed": true, "booking_id": "0f200000-0000-4000-8000-00000000ba01", "lines_processed": 8}
(1 row)

      issue_invoice_for_booking       
--------------------------------------
 01a0e81d-d604-712b-a7cc-8409a635e61b
(1 row)

INSERT 0 1
DO
                                                complete_booking                                                 
-----------------------------------------------------------------------------------------------------------------
 {"reason": null, "completed": true, "booking_id": "0f200000-0000-4000-8000-00000000ba05", "lines_processed": 1}
(1 row)

INSERT 0 1
psql:supabase/tests/20261001100000_test_payroll_engine.sql:244: NOTICE:  PASS: recompute creates a run for the fully-past fixture period
psql:supabase/tests/20261001100000_test_payroll_engine.sql:244: NOTICE:  PASS: A basic salary passthrough = 1000000
psql:supabase/tests/20261001100000_test_payroll_engine.sql:244: NOTICE:  PASS: A no-late bonus is ZERO (one unwaived late record)
psql:supabase/tests/20261001100000_test_payroll_engine.sql:244: NOTICE:  PASS: A no-sick bonus is full (zero sick days)
psql:supabase/tests/20261001100000_test_payroll_engine.sql:244: NOTICE:  PASS: A perDog = 15000 (small matrix) + 20000 (nosize) + 20000 (transport pet, flat) = 55000, botak-only pet excluded
psql:supabase/tests/20261001100000_test_payroll_engine.sql:244: NOTICE:  PASS: A botak incentive = 10000 (one botak-only pet, org default rate)
psql:supabase/tests/20261001100000_test_payroll_engine.sql:244: NOTICE:  PASS: A styling = round(100000 revenue * 10%% tier for count=2) = 10000
psql:supabase/tests/20261001100000_test_payroll_engine.sql:244: NOTICE:  PASS: A transport half-share = 25000 (100000 travel_fee / 2, split equally with B)
psql:supabase/tests/20261001100000_test_payroll_engine.sql:244: NOTICE:  PASS: B styling = round(50000 revenue * 50%% PER-GROOMER override tier) = 25000, not the org default
psql:supabase/tests/20261001100000_test_payroll_engine.sql:244: NOTICE:  PASS: B transport half-share = 25000 -- A+B shares sum to exactly 50000, never exceeding the pool
psql:supabase/tests/20261001100000_test_payroll_engine.sql:244: NOTICE:  PASS: B perDog = 20000 (flat default, transport pet has no size)
psql:supabase/tests/20261001100000_test_payroll_engine.sql:244: NOTICE:  PASS: exactly one completed-but-uninvoiced pet is flagged, not silently dropped
DO
psql:supabase/tests/20261001100000_test_payroll_engine.sql:279: NOTICE:  PASS: approve moves draft -> approved
psql:supabase/tests/20261001100000_test_payroll_engine.sql:279: NOTICE:  PASS: pay moves approved -> paid
psql:supabase/tests/20261001100000_test_payroll_engine.sql:279: NOTICE:  PASS: exactly one payroll_paid ledger entry after the first pay
psql:supabase/tests/20261001100000_test_payroll_engine.sql:279: NOTICE:  PASS: paying an already-paid run again is a no-op -- still exactly one ledger entry
psql:supabase/tests/20261001100000_test_payroll_engine.sql:279: NOTICE:  PASS: undo moves paid -> draft
psql:supabase/tests/20261001100000_test_payroll_engine.sql:279: NOTICE:  PASS: undo adds a SECOND compensating ledger entry -- the original is never deleted
psql:supabase/tests/20261001100000_test_payroll_engine.sql:279: NOTICE:  PASS: the two ledger entries (pay -total_net, undo +total_net) net to exactly zero
psql:supabase/tests/20261001100000_test_payroll_engine.sql:279: NOTICE:  PASS: the original payroll_items snapshot rows still exist after undo (not deleted)
psql:supabase/tests/20261001100000_test_payroll_engine.sql:279: NOTICE:  PASS: run metadata records exactly one correction
DO
DO
psql:supabase/tests/20261001100000_test_payroll_engine.sql:291: NOTICE:  PASS: excl_payroll_runs_no_overlap rejects an overlapping period for the same org
DO
psql:supabase/tests/20261001100000_test_payroll_engine.sql:303: NOTICE:  PASS: recompute_payroll_run denies a member without payroll.manage (insufficient_privilege)
DO
DO
INSERT 0 2
INSERT 0 2
INSERT 0 2
INSERT 0 2
INSERT 0 2
INSERT 0 2
psql:supabase/tests/20261001100000_test_payroll_engine.sql:365: NOTICE:  PASS: D retention payout rejected: retention_not_yet_payable
psql:supabase/tests/20261001100000_test_payroll_engine.sql:365: NOTICE:  PASS: D has no retention event recorded after the rejected attempt
psql:supabase/tests/20261001100000_test_payroll_engine.sql:365: NOTICE:  PASS: C retention payout = min(term_months=2, tenure=3) * 200000/month = 400000
psql:supabase/tests/20261001100000_test_payroll_engine.sql:365: NOTICE:  PASS: C retention event kind is payout
psql:supabase/tests/20261001100000_test_payroll_engine.sql:365: NOTICE:  PASS: C retention retry returns the SAME already-recorded amount (idempotent)
psql:supabase/tests/20261001100000_test_payroll_engine.sql:365: NOTICE:  PASS: C has exactly one payout event despite two calls -- unique index enforced, not a duplicate lump sum
psql:supabase/tests/20261001100000_test_payroll_engine.sql:365: NOTICE:  PASS: D still has zero retention events -- C's payout did not leak across memberships
DO
INSERT 0 1
INSERT 0 1
INSERT 0 1
INSERT 0 1
INSERT 0 1
INSERT 0 1
INSERT 0 3
INSERT 0 1
INSERT 0 1
psql:supabase/tests/20261001100000_test_payroll_engine.sql:419: NOTICE:  PASS: org1's run id resolved for the cross-tenant probe below
psql:supabase/tests/20261001100000_test_payroll_engine.sql:419: NOTICE:  PASS: org2's owner cannot approve org1's run by id (run_not_found, not a cross-tenant read)
psql:supabase/tests/20261001100000_test_payroll_engine.sql:419: NOTICE:  PASS: org2's owner cannot pay retention for an org1 membership id (no_hire_date_on_record -- org1's data never read)
DO
ROLLBACK

########## GATE 7 — real authenticated-role integration (incl reserve_package_session) ##########
NOTICE:  role "operro_gate_client" has already been granted membership in role "anon" by role "postgres"
NOTICE:  role "operro_gate_client" has already been granted membership in role "authenticated" by role "postgres"
CREATE FUNCTION
BEGIN
SET
                                                              set_config                                                              
--------------------------------------------------------------------------------------------------------------------------------------
 {"sub" : "0e000000-0000-4000-8000-0000000000c1", "role" : "authenticated", "active_org_id" : "0e000000-0000-4000-8000-000000000001"}
(1 row)

psql:integration/0100_integration_client.sql:16: NOTICE:  PASS: I1 authenticated can assembly_add_pet via RPC
 ok 
----
 
(1 row)

COMMIT
BEGIN
SET
                                                              set_config                                                              
--------------------------------------------------------------------------------------------------------------------------------------
 {"sub" : "0e000000-0000-4000-8000-0000000000c1", "role" : "authenticated", "active_org_id" : "0e000000-0000-4000-8000-000000000001"}
(1 row)

psql:integration/0100_integration_client.sql:35: NOTICE:  PASS: I2 authenticated can assembly_add_line via RPC
DO
psql:integration/0100_integration_client.sql:35: NOTICE:  PASS: I3 line visible via RLS with quantity 2
COMMIT
BEGIN
SET
                                                              set_config                                                              
--------------------------------------------------------------------------------------------------------------------------------------
 {"sub" : "0e000000-0000-4000-8000-0000000000c1", "role" : "authenticated", "active_org_id" : "0e000000-0000-4000-8000-000000000001"}
(1 row)

psql:integration/0100_integration_client.sql:61: NOTICE:  PASS: I4 direct quantity UPDATE still blocked under real authenticated role
psql:integration/0100_integration_client.sql:61: NOTICE:  PASS: I5 assembly_set_line_quantity via RPC works under real role
DO
COMMIT
BEGIN
SET
                                                              set_config                                                              
--------------------------------------------------------------------------------------------------------------------------------------
 {"sub" : "0e000000-0000-4000-8000-0000000000c1", "role" : "authenticated", "active_org_id" : "0e000000-0000-4000-8000-000000000001"}
(1 row)

DO
psql:integration/0100_integration_client.sql:76: NOTICE:  PASS: I6 cross-customer pet rejected (pet_customer_mismatch) under real role
COMMIT
BEGIN
SET
                                                              set_config                                                              
--------------------------------------------------------------------------------------------------------------------------------------
 {"sub" : "0e000000-0000-4000-8000-0000000000c1", "role" : "authenticated", "active_org_id" : "0e000000-0000-4000-8000-000000000001"}
(1 row)

psql:integration/0100_integration_client.sql:92: NOTICE:  PASS: I7 assembly_assign_pet_resource works under real authenticated role
DO
COMMIT
BEGIN
SET
                                                              set_config                                                              
--------------------------------------------------------------------------------------------------------------------------------------
 {"sub" : "0e000000-0000-4000-8000-0000000000c1", "role" : "authenticated", "active_org_id" : "0e000000-0000-4000-8000-000000000001"}
(1 row)

psql:integration/0100_integration_client.sql:134: NOTICE:  PASS: I8 authenticated can reserve_package_session via RPC (EXECUTE grant works)
psql:integration/0100_integration_client.sql:134: NOTICE:  PASS: I9 reservation visible through RLS as authenticated
psql:integration/0100_integration_client.sql:134: NOTICE:  PASS: I10 reservation org/line/package/status are correct
DO
psql:integration/0100_integration_client.sql:134: NOTICE:  PASS: I11 availability decremented to 2 after reservation (authenticated read RPC)
COMMIT

########## GATE 8 — completion vs assembly/reservation concurrency ##########
psql:supabase/migrations/20260721000100_extensions_and_helpers.sql:47: NOTICE:  extension "pgcrypto" already exists, skipping
psql:supabase/migrations/20260721000150_fix_uuidv7_supabase.sql:22: NOTICE:  extension "pgcrypto" already exists, skipping
psql:supabase/migrations/20260721001300_core_neutrality_grooming_lines.sql:488: NOTICE:  BACKFILL OK: all legacy grooming pet/service values mapped; no non-grooming booking carries pet_id/service_id.
psql:supabase/migrations/20260916150000_customer_program_tenant_isolation.sql:45: NOTICE:  policy "membership_plans_org_isolation" for relation "public.membership_plans" does not exist, skipping
psql:supabase/migrations/20260916150000_customer_program_tenant_isolation.sql:45: NOTICE:  policy "customer_memberships_org_isolation" for relation "public.customer_memberships" does not exist, skipping
psql:supabase/migrations/20260916150000_customer_program_tenant_isolation.sql:45: NOTICE:  policy "packages_org_isolation" for relation "public.packages" does not exist, skipping
psql:supabase/migrations/20260916150000_customer_program_tenant_isolation.sql:45: NOTICE:  policy "customer_packages_org_isolation" for relation "public.customer_packages" does not exist, skipping
psql:supabase/migrations/20260916150000_customer_program_tenant_isolation.sql:45: NOTICE:  policy "customer_package_ledger_org_isolation" for relation "public.customer_package_ledger" does not exist, skipping
psql:supabase/migrations/20260916150000_customer_program_tenant_isolation.sql:45: NOTICE:  policy "loyalty_accounts_org_isolation" for relation "public.loyalty_accounts" does not exist, skipping
psql:supabase/migrations/20260916150000_customer_program_tenant_isolation.sql:45: NOTICE:  policy "loyalty_ledger_org_isolation" for relation "public.loyalty_ledger" does not exist, skipping
psql:supabase/migrations/20260916150000_customer_program_tenant_isolation.sql:45: NOTICE:  policy "wallet_accounts_org_isolation" for relation "public.wallet_accounts" does not exist, skipping
psql:supabase/migrations/20260916150000_customer_program_tenant_isolation.sql:45: NOTICE:  policy "wallet_ledger_org_isolation" for relation "public.wallet_ledger" does not exist, skipping
psql:supabase/migrations/20260916150000_customer_program_tenant_isolation.sql:45: NOTICE:  policy "referrals_org_isolation" for relation "public.referrals" does not exist, skipping
                                                 set_config                                                 
------------------------------------------------------------------------------------------------------------
 {"sub" : "0c100000-0000-4000-8000-0000000000c1", "active_org_id" : "0c100000-0000-4000-8000-000000000001"}
(1 row)

== case: complete_booking vs set_line_quantity ==
  A_RC=0 B_RC=0
  blocking OK (causal): B saw frozen booking; A~1790600692.40 B~1790600692.41
  OK: complete_booking vs set_line_quantity — no deadlock, A committed, B blocked then rejected, booking=completed
== case: complete_booking vs void_line ==
  A_RC=0 B_RC=0
  blocking OK (causal): B saw frozen booking; A~1790600695.59 B~1790600695.60
  OK: complete_booking vs void_line — no deadlock, A committed, B blocked then rejected, booking=completed
== case: complete_booking vs reserve_package_session ==
  A_RC=0 B_RC=0
  blocking OK (causal): B saw frozen booking; A~1790600698.77 B~1790600698.78
  OK: complete_booking vs reserve_package_session — no deadlock, A committed, B blocked then rejected, booking=completed
CONC PASS: all three cases serialized; no deadlock; A committed; B blocked then rejected; final state correct.

ALL GATES PASSED
