RUN_TEXT O
Operro
Ringkasan
Kalender
Booking
Pelanggan
Tugas

PENGELOLAAN

Operasional
Jadwal saya
Layanan & tim
Paket
Inventaris
Keuangan
Payroll
Kehadiran
Laporan
Leaderboard
Follow-up
Keluhan
W
AKUN MASUK
wbudiman1995@gmail.com
Keluar

WORKSPACE AKTIF

HomePaw Demo

Cari pelanggan, hewan, booking…
⌘K
Pilih organisasi aktif
HomePaw Demo
Ganti

PAYROLL

Payroll

Konfigurasi cycle, komponen gaji per groomer, dan siklus persetujuan/pembayaran.

← Cycle sebelumnya
26 Jan 2027 — 25 Feb 2027
Cycle berikutnya →
Periksa kehadiran
Export Excel
Export CSV
Tandai sudah dibayar

Staf aktif

1

Dengan konfigurasi gaji.

Total payroll

Rp 3.600.000

Cycle berjalan.

Status cycle

Disetujui

Total tersimpan: Rp 3.600.000

Pengaturan payroll (default organisasi)

Andi (Groomer QA)

0 job basic · 0 styling · 0 botak

Rp 3.600.000

Gaji pokok
Rp 3.000.000
Gaji mingguan
Rp 0
Bonus no-late
Rp 300.000
Bonus no-sakit
Rp 300.000
Komisi styling
Rp 0
Insentif Botak
Rp 0
Transport fee ½
Rp 0
Basic Grooming per dog
Rp 0
Uang harian
Rp 0
Unduh payslip PDF
Publish ke staf
Komponen aktif untuk staf ini
INITIAL_PUBLISHED false
PUBLISH_PASS
PASS publish/hide browser roundtrip, initial state restored
