### GATE 4-6 + both SQL smoke tests (final migration state, review round 2)
NOTICE:  database "operro_gate16_final" does not exist, skipping
CREATE EXTENSION
CREATE SCHEMA
CREATE FUNCTION
CREATE FUNCTION
CREATE EXTENSION
NOTICE:  extension "pgcrypto" already exists, skipping
CREATE EXTENSION
CREATE SCHEMA
COMMENT
CREATE FUNCTION
COMMENT
CREATE FUNCTION
COMMENT
CREATE FUNCTION
COMMENT
CREATE FUNCTION
COMMENT
CREATE FUNCTION
COMMENT
CREATE FUNCTION
CREATE FUNCTION
CREATE FUNCTION
CREATE TABLE
COMMENT
CREATE INDEX
CREATE INDEX
CREATE FUNCTION
COMMENT
NOTICE:  extension "pgcrypto" already exists, skipping
CREATE EXTENSION
CREATE FUNCTION
COMMENT
ALTER INDEX
ALTER INDEX
ALTER TABLE
ALTER TABLE
ALTER FUNCTION
ALTER FUNCTION
ALTER FUNCTION
ALTER FUNCTION
ALTER FUNCTION
CREATE FUNCTION
CREATE FUNCTION
CREATE TABLE
CREATE TRIGGER
CREATE TRIGGER
CREATE TABLE
CREATE INDEX
CREATE TRIGGER
CREATE TRIGGER
CREATE TRIGGER
CREATE TABLE
CREATE INDEX
CREATE TRIGGER
CREATE TRIGGER
CREATE TABLE
CREATE INDEX
CREATE TRIGGER
CREATE TRIGGER
CREATE TRIGGER
CREATE TABLE
CREATE INDEX
CREATE INDEX
CREATE TRIGGER
CREATE TRIGGER
CREATE TRIGGER
CREATE TABLE
CREATE TRIGGER
CREATE TRIGGER
INSERT 0 7
CREATE TABLE
CREATE INDEX
CREATE INDEX
CREATE TRIGGER
CREATE TRIGGER
CREATE TRIGGER
CREATE TABLE
CREATE INDEX
CREATE INDEX
CREATE TRIGGER
CREATE TRIGGER
CREATE TRIGGER
ALTER TABLE
ALTER TABLE
ALTER TABLE
ALTER TABLE
ALTER TABLE
ALTER TABLE
ALTER TABLE
ALTER TABLE
CREATE TABLE
CREATE TRIGGER
CREATE TRIGGER
CREATE TABLE
CREATE INDEX
CREATE TRIGGER
CREATE TRIGGER
CREATE TABLE
CREATE TRIGGER
CREATE TRIGGER
CREATE TABLE
CREATE TABLE
CREATE TABLE
CREATE INDEX
CREATE INDEX
CREATE TRIGGER
CREATE TRIGGER
CREATE TRIGGER
CREATE TABLE
CREATE TRIGGER
CREATE TRIGGER
CREATE TRIGGER
CREATE TABLE
CREATE TRIGGER
CREATE TRIGGER
CREATE TRIGGER
CREATE FUNCTION
CREATE FUNCTION
CREATE FUNCTION
CREATE FUNCTION
INSERT 0 9
INSERT 0 7
INSERT 0 3
INSERT 0 17
INSERT 0 12
ALTER TABLE
ALTER TABLE
ALTER TABLE
ALTER TABLE
ALTER TABLE
ALTER TABLE
ALTER TABLE
ALTER TABLE
CREATE TABLE
CREATE INDEX
CREATE INDEX
CREATE INDEX
CREATE TRIGGER
CREATE TRIGGER
CREATE TRIGGER
CREATE TABLE
CREATE INDEX
CREATE TRIGGER
CREATE TRIGGER
CREATE TRIGGER
CREATE TABLE
CREATE INDEX
CREATE TRIGGER
CREATE TRIGGER
CREATE TRIGGER
CREATE TABLE
CREATE INDEX
CREATE INDEX
CREATE TRIGGER
CREATE TRIGGER
CREATE TRIGGER
ALTER TABLE
ALTER TABLE
ALTER TABLE
ALTER TABLE
CREATE TABLE
CREATE INDEX
CREATE TRIGGER
CREATE TRIGGER
CREATE TRIGGER
CREATE TABLE
CREATE INDEX
CREATE TRIGGER
CREATE TRIGGER
CREATE TRIGGER
CREATE TABLE
CREATE INDEX
CREATE INDEX
CREATE INDEX
CREATE TRIGGER
CREATE TRIGGER
CREATE TRIGGER
CREATE TABLE
CREATE INDEX
CREATE TRIGGER
CREATE TRIGGER
CREATE TRIGGER
CREATE FUNCTION
CREATE FUNCTION
CREATE TABLE
CREATE INDEX
CREATE TRIGGER
CREATE TRIGGER
CREATE TRIGGER
CREATE TRIGGER
CREATE TRIGGER
CREATE TABLE
CREATE TRIGGER
CREATE TRIGGER
CREATE TRIGGER
CREATE TABLE
CREATE TRIGGER
CREATE TRIGGER
CREATE TRIGGER
ALTER TABLE
ALTER TABLE
ALTER TABLE
ALTER TABLE
ALTER TABLE
ALTER TABLE
ALTER TABLE
CREATE FUNCTION
CREATE FUNCTION
CREATE TABLE
CREATE INDEX
CREATE INDEX
CREATE TRIGGER
CREATE TRIGGER
CREATE TRIGGER
CREATE TABLE
CREATE FUNCTION
CREATE FUNCTION
CREATE TRIGGER
CREATE TABLE
CREATE INDEX
CREATE TRIGGER
CREATE TRIGGER
CREATE TRIGGER
CREATE FUNCTION
CREATE FUNCTION
CREATE TRIGGER
CREATE TABLE
CREATE INDEX
CREATE TRIGGER
CREATE TRIGGER
CREATE TRIGGER
CREATE TABLE
CREATE INDEX
CREATE TRIGGER
CREATE TRIGGER
CREATE TRIGGER
ALTER TABLE
ALTER TABLE
ALTER TABLE
ALTER TABLE
ALTER TABLE
CREATE TABLE
CREATE INDEX
CREATE TRIGGER
CREATE TRIGGER
CREATE TRIGGER
CREATE TABLE
CREATE INDEX
CREATE INDEX
CREATE TRIGGER
CREATE TRIGGER
CREATE TRIGGER
CREATE TABLE
CREATE INDEX
CREATE TRIGGER
CREATE TRIGGER
CREATE TRIGGER
CREATE TABLE
CREATE INDEX
CREATE TRIGGER
CREATE TRIGGER
CREATE TRIGGER
CREATE TABLE
CREATE INDEX
CREATE FUNCTION
CREATE TRIGGER
CREATE TRIGGER
CREATE TRIGGER
CREATE TRIGGER
CREATE FUNCTION
CREATE FUNCTION
CREATE TRIGGER
CREATE TABLE
CREATE TRIGGER
CREATE TRIGGER
CREATE TABLE
CREATE INDEX
CREATE FUNCTION
CREATE TRIGGER
CREATE TRIGGER
CREATE TRIGGER
CREATE TRIGGER
CREATE TABLE
CREATE TRIGGER
CREATE TRIGGER
CREATE TABLE
CREATE INDEX
CREATE FUNCTION
CREATE TRIGGER
CREATE TRIGGER
CREATE TRIGGER
CREATE TRIGGER
CREATE TABLE
CREATE INDEX
CREATE TRIGGER
CREATE TRIGGER
CREATE TRIGGER
ALTER TABLE
ALTER TABLE
ALTER TABLE
ALTER TABLE
ALTER TABLE
ALTER TABLE
ALTER TABLE
ALTER TABLE
ALTER TABLE
ALTER TABLE
CREATE TABLE
CREATE INDEX
CREATE TRIGGER
CREATE TRIGGER
CREATE TRIGGER
CREATE FUNCTION
CREATE TABLE
CREATE INDEX
CREATE TRIGGER
CREATE TRIGGER
CREATE TRIGGER
CREATE TABLE
CREATE INDEX
CREATE TRIGGER
CREATE TRIGGER
CREATE FUNCTION
CREATE TRIGGER
CREATE TABLE
CREATE INDEX
CREATE FUNCTION
CREATE TRIGGER
CREATE TRIGGER
CREATE TRIGGER
CREATE TRIGGER
CREATE TABLE
CREATE INDEX
CREATE TRIGGER
CREATE TRIGGER
CREATE TABLE
CREATE INDEX
CREATE TRIGGER
CREATE TRIGGER
CREATE TRIGGER
CREATE TABLE
CREATE INDEX
CREATE TRIGGER
CREATE TRIGGER
CREATE TRIGGER
CREATE TABLE
CREATE INDEX
CREATE TRIGGER
CREATE TRIGGER
CREATE TRIGGER
CREATE FUNCTION
CREATE TRIGGER
CREATE FUNCTION
CREATE TRIGGER
CREATE FUNCTION
CREATE TRIGGER
ALTER TABLE
ALTER TABLE
ALTER TABLE
ALTER TABLE
ALTER TABLE
ALTER TABLE
ALTER TABLE
ALTER TABLE
CREATE TABLE
CREATE INDEX
CREATE TRIGGER
CREATE TRIGGER
CREATE TRIGGER
CREATE FUNCTION
CREATE TABLE
CREATE INDEX
CREATE TRIGGER
CREATE TRIGGER
CREATE FUNCTION
CREATE TRIGGER
CREATE FUNCTION
CREATE FUNCTION
CREATE TRIGGER
CREATE TABLE
CREATE INDEX
CREATE TRIGGER
CREATE TRIGGER
CREATE TRIGGER
CREATE TABLE
CREATE INDEX
CREATE FUNCTION
CREATE TRIGGER
CREATE TRIGGER
CREATE TRIGGER
CREATE TRIGGER
CREATE TABLE
CREATE INDEX
CREATE TRIGGER
CREATE TRIGGER
CREATE TABLE
CREATE INDEX
CREATE FUNCTION
CREATE TRIGGER
CREATE TRIGGER
CREATE TRIGGER
CREATE TRIGGER
ALTER TABLE
ALTER TABLE
ALTER TABLE
ALTER TABLE
ALTER TABLE
ALTER TABLE
CREATE FUNCTION
CREATE TRIGGER
CREATE FUNCTION
CREATE TRIGGER
ALTER TABLE
ALTER TABLE
ALTER TABLE
ALTER TABLE
ALTER TABLE
ALTER TABLE
CREATE FUNCTION
CREATE FUNCTION
CREATE FUNCTION
GRANT
GRANT
GRANT
GRANT
DO
DO
DO
DO
CREATE POLICY
CREATE POLICY
CREATE POLICY
CREATE POLICY
CREATE POLICY
CREATE POLICY
CREATE FUNCTION
CREATE FUNCTION
CREATE FUNCTION
CREATE FUNCTION
CREATE FUNCTION
CREATE FUNCTION
CREATE FUNCTION
CREATE FUNCTION
CREATE FUNCTION
CREATE FUNCTION
CREATE FUNCTION
CREATE FUNCTION
CREATE FUNCTION
CREATE FUNCTION
CREATE FUNCTION
CREATE FUNCTION
INSERT 0 1
INSERT 0 28
CREATE FUNCTION
DO
CREATE TABLE
INSERT 0 15
CREATE TABLE
CREATE INDEX
CREATE TRIGGER
CREATE TRIGGER
CREATE TRIGGER
CREATE TABLE
CREATE INDEX
CREATE TRIGGER
CREATE TABLE
CREATE INDEX
CREATE TRIGGER
CREATE TRIGGER
CREATE TRIGGER
CREATE TABLE
CREATE INDEX
CREATE TRIGGER
CREATE TRIGGER
CREATE TRIGGER
CREATE TABLE
CREATE INDEX
CREATE TRIGGER
CREATE TRIGGER
CREATE TABLE
CREATE TABLE
CREATE INDEX
CREATE TRIGGER
GRANT
ALTER TABLE
ALTER TABLE
ALTER TABLE
ALTER TABLE
ALTER TABLE
ALTER TABLE
ALTER TABLE
ALTER TABLE
CREATE POLICY
CREATE POLICY
CREATE POLICY
DO
CREATE POLICY
CREATE POLICY
CREATE POLICY
BEGIN
DROP TRIGGER
DROP TRIGGER
DROP TRIGGER
DROP FUNCTION
DROP FUNCTION
DROP FUNCTION
DROP FUNCTION
DROP FUNCTION
DROP FUNCTION
ALTER TABLE
CREATE TABLE
CREATE INDEX
CREATE INDEX
CREATE TRIGGER
CREATE TRIGGER
CREATE TRIGGER
CREATE TABLE
CREATE INDEX
CREATE INDEX
CREATE TRIGGER
CREATE TRIGGER
CREATE TRIGGER
CREATE TABLE
CREATE INDEX
CREATE INDEX
CREATE INDEX
CREATE TRIGGER
CREATE TRIGGER
CREATE TRIGGER
ALTER TABLE
ALTER TABLE
CREATE INDEX
CREATE FUNCTION
ALTER TABLE
ALTER TABLE
CREATE INDEX
ALTER TABLE
ALTER TABLE
CREATE INDEX
INSERT 0 1
INSERT 0 0
INSERT 0 0
INSERT 0 0
DO
NOTICE:  BACKFILL OK: all legacy grooming pet/service values mapped; no non-grooming booking carries pet_id/service_id.
ALTER TABLE
ALTER TABLE
ALTER TABLE
ALTER TABLE
COMMENT
COMMENT
COMMENT
CREATE FUNCTION
CREATE FUNCTION
CREATE FUNCTION
CREATE FUNCTION
CREATE FUNCTION
CREATE FUNCTION
CREATE FUNCTION
CREATE FUNCTION
CREATE FUNCTION
CREATE FUNCTION
CREATE FUNCTION
CREATE FUNCTION
CREATE FUNCTION
CREATE FUNCTION
CREATE FUNCTION
COMMENT
REVOKE
GRANT
REVOKE
GRANT
CREATE FUNCTION
COMMENT
ALTER TABLE
ALTER TABLE
ALTER TABLE
DO
DO
CREATE POLICY
CREATE POLICY
CREATE POLICY
CREATE POLICY
CREATE POLICY
REVOKE
REVOKE
REVOKE
REVOKE
GRANT
GRANT
GRANT
GRANT
REVOKE
REVOKE
REVOKE
REVOKE
REVOKE
REVOKE
REVOKE
REVOKE
REVOKE
REVOKE
REVOKE
REVOKE
GRANT
GRANT
GRANT
GRANT
REVOKE
REVOKE
GRANT
GRANT
REVOKE
GRANT
GRANT
REVOKE
GRANT
NOTIFY
COMMIT
BEGIN
CREATE FUNCTION
COMMENT
CREATE FUNCTION
CREATE FUNCTION
CREATE FUNCTION
CREATE FUNCTION
CREATE FUNCTION
CREATE FUNCTION
CREATE FUNCTION
CREATE FUNCTION
REVOKE
REVOKE
REVOKE
REVOKE
REVOKE
REVOKE
GRANT
GRANT
GRANT
GRANT
GRANT
GRANT
REVOKE
REVOKE
REVOKE
GRANT
NOTIFY
COMMIT
BEGIN
DO
ALTER TABLE
ALTER TABLE
CREATE INDEX
COMMENT
CREATE FUNCTION
COMMENT
REVOKE
CREATE TRIGGER
CREATE FUNCTION
COMMENT
REVOKE
CREATE TRIGGER
DO
INSERT 0 0
CREATE FUNCTION
COMMENT
REVOKE
GRANT
REVOKE
GRANT
CREATE FUNCTION
COMMENT
CREATE FUNCTION
COMMENT
CREATE FUNCTION
COMMENT
ALTER POLICY
ALTER POLICY
ALTER POLICY
ALTER POLICY
ALTER POLICY
ALTER POLICY
CREATE FUNCTION
COMMENT
REVOKE
GRANT
GRANT
REVOKE
GRANT
GRANT
GRANT
CREATE POLICY
CREATE POLICY
CREATE POLICY
COMMIT
CREATE FUNCTION
COMMENT
REVOKE
GRANT
NOTICE:  policy "membership_plans_org_isolation" for relation "public.membership_plans" does not exist, skipping
NOTICE:  policy "customer_memberships_org_isolation" for relation "public.customer_memberships" does not exist, skipping
NOTICE:  policy "packages_org_isolation" for relation "public.packages" does not exist, skipping
NOTICE:  policy "customer_packages_org_isolation" for relation "public.customer_packages" does not exist, skipping
NOTICE:  policy "customer_package_ledger_org_isolation" for relation "public.customer_package_ledger" does not exist, skipping
NOTICE:  policy "loyalty_accounts_org_isolation" for relation "public.loyalty_accounts" does not exist, skipping
NOTICE:  policy "loyalty_ledger_org_isolation" for relation "public.loyalty_ledger" does not exist, skipping
NOTICE:  policy "wallet_accounts_org_isolation" for relation "public.wallet_accounts" does not exist, skipping
NOTICE:  policy "wallet_ledger_org_isolation" for relation "public.wallet_ledger" does not exist, skipping
NOTICE:  policy "referrals_org_isolation" for relation "public.referrals" does not exist, skipping
DO
CREATE TABLE
CREATE INDEX
CREATE INDEX
CREATE TRIGGER
CREATE TRIGGER
ALTER TABLE
GRANT
CREATE POLICY
CREATE POLICY
CREATE POLICY
CREATE POLICY
CREATE POLICY
CREATE FUNCTION
REVOKE
GRANT
INSERT 0 0
CREATE TABLE
CREATE INDEX
CREATE TRIGGER
CREATE TRIGGER
ALTER TABLE
GRANT
CREATE POLICY
CREATE POLICY
CREATE POLICY
CREATE POLICY
CREATE FUNCTION
REVOKE
GRANT
ALTER TABLE
ALTER TABLE
CREATE INDEX
GRANT
COMMENT
COMMENT
CREATE FUNCTION
REVOKE
GRANT
CREATE FUNCTION
REVOKE
GRANT
INSERT 0 1
CREATE POLICY
CREATE POLICY
CREATE POLICY
CREATE POLICY
ALTER TABLE
ALTER TABLE
CREATE INDEX
GRANT
CREATE FUNCTION
REVOKE
GRANT
NOTIFY
CREATE FUNCTION
REVOKE
GRANT
NOTIFY
CREATE TABLE
CREATE TABLE
CREATE INDEX
CREATE INDEX
CREATE TRIGGER
CREATE TRIGGER
CREATE TRIGGER
CREATE TRIGGER
CREATE TRIGGER
CREATE TRIGGER
ALTER TABLE
ALTER TABLE
GRANT
GRANT
CREATE POLICY
CREATE POLICY
CREATE POLICY
CREATE POLICY
CREATE FUNCTION
CREATE FUNCTION
CREATE FUNCTION
REVOKE
REVOKE
REVOKE
GRANT
GRANT
GRANT
NOTIFY
INSERT 0 1
CREATE POLICY
CREATE POLICY
CREATE POLICY
CREATE POLICY
CREATE INDEX
INSERT 0 1
CREATE FUNCTION
REVOKE
GRANT
CREATE POLICY
CREATE POLICY
CREATE POLICY
DROP FUNCTION
CREATE FUNCTION
CREATE FUNCTION
REVOKE
GRANT
NOTIFY
CREATE TABLE
CREATE TRIGGER
CREATE TRIGGER
CREATE TRIGGER
ALTER TABLE
GRANT
CREATE POLICY
CREATE POLICY
CREATE FUNCTION
CREATE TRIGGER
CREATE TABLE
CREATE INDEX
CREATE INDEX
CREATE TRIGGER
CREATE TRIGGER
CREATE TRIGGER
ALTER TABLE
GRANT
CREATE POLICY
CREATE POLICY
CREATE POLICY
CREATE FUNCTION
CREATE FUNCTION
CREATE FUNCTION
CREATE FUNCTION
CREATE TRIGGER
REVOKE
REVOKE
REVOKE
GRANT
GRANT
GRANT
NOTIFY
BEGIN
CREATE FUNCTION
CREATE FUNCTION
REVOKE
REVOKE
GRANT
GRANT
NOTIFY
COMMIT
BEGIN
CREATE FUNCTION
REVOKE
GRANT
NOTIFY
COMMIT
BEGIN
CREATE FUNCTION
REVOKE
CREATE FUNCTION
REVOKE
GRANT
CREATE FUNCTION
REVOKE
GRANT
NOTIFY
COMMIT
BEGIN
CREATE TABLE
CREATE INDEX
CREATE TABLE
CREATE INDEX
CREATE TRIGGER
CREATE TRIGGER
CREATE TRIGGER
CREATE TRIGGER
CREATE TRIGGER
CREATE TRIGGER
ALTER TABLE
ALTER TABLE
GRANT
CREATE POLICY
CREATE POLICY
CREATE POLICY
CREATE POLICY
CREATE POLICY
CREATE POLICY
CREATE FUNCTION
CREATE TRIGGER
CREATE FUNCTION
CREATE TRIGGER
NOTIFY
COMMIT
BEGIN
CREATE FUNCTION
REVOKE
GRANT
NOTIFY
COMMIT
BEGIN
CREATE TABLE
CREATE INDEX
CREATE INDEX
CREATE TRIGGER
CREATE TRIGGER
CREATE TRIGGER
ALTER TABLE
GRANT
CREATE POLICY
CREATE FUNCTION
CREATE FUNCTION
CREATE FUNCTION
REVOKE
GRANT
NOTIFY
COMMIT
BEGIN
INSERT 0 1
CREATE TABLE
CREATE INDEX
CREATE INDEX
CREATE INDEX
CREATE TRIGGER
CREATE TRIGGER
CREATE TRIGGER
ALTER TABLE
REVOKE
GRANT
CREATE POLICY
CREATE FUNCTION
CREATE FUNCTION
CREATE FUNCTION
REVOKE
GRANT
NOTIFY
COMMIT
BEGIN
REVOKE
GRANT
NOTIFY
COMMIT
BEGIN
ALTER TABLE
CREATE INDEX
CREATE INDEX
ALTER TABLE
ALTER TABLE
ALTER TABLE
ALTER TABLE
ALTER TABLE
ALTER TABLE
ALTER TABLE
ALTER TABLE
ALTER TABLE
ALTER TABLE
CREATE FUNCTION
CREATE FUNCTION
CREATE FUNCTION
REVOKE
GRANT
NOTIFY
COMMIT
BEGIN
ALTER TABLE
ALTER TABLE
COMMENT
COMMENT
ALTER TABLE
ALTER TABLE
COMMENT
ALTER TABLE
ALTER TABLE
COMMENT
CREATE FUNCTION
CREATE FUNCTION
REVOKE
GRANT
COMMIT
BEGIN
ALTER TABLE
ALTER TABLE
ALTER TABLE
ALTER TABLE
CREATE FUNCTION
REVOKE
CREATE FUNCTION
REVOKE
GRANT
CREATE FUNCTION
REVOKE
GRANT
COMMIT
BEGIN
ALTER TABLE
ALTER TABLE
CREATE INDEX
CREATE INDEX
ALTER TABLE
ALTER TABLE
COMMENT
COMMENT
ALTER TABLE
ALTER TABLE
CREATE INDEX
CREATE INDEX
UPDATE 0
UPDATE 0
COMMENT
COMMENT
COMMENT
CREATE FUNCTION
CREATE FUNCTION
DROP FUNCTION
CREATE FUNCTION
REVOKE
GRANT
CREATE FUNCTION
REVOKE
GRANT
CREATE FUNCTION
REVOKE
GRANT
CREATE FUNCTION
REVOKE
GRANT
CREATE FUNCTION
REVOKE
GRANT
CREATE FUNCTION
REVOKE
GRANT
COMMIT
BEGIN
ALTER TABLE
ALTER TABLE
CREATE INDEX
COMMENT
CREATE FUNCTION
DROP FUNCTION
CREATE FUNCTION
REVOKE
GRANT
CREATE FUNCTION
REVOKE
GRANT
CREATE FUNCTION
REVOKE
GRANT
COMMIT
### operro_gate16_final: 43 migrations applied
assembly fns: 8
CREATE FUNCTION
CREATE FUNCTION
BEGIN
INSERT 0 1
INSERT 0 1
INSERT 0 1
INSERT 0 1
INSERT 0 1
INSERT 0 1
INSERT 0 1
INSERT 0 0
INSERT 0 4
INSERT 0 2
INSERT 0 1
INSERT 0 2
INSERT 0 3
INSERT 0 2
INSERT 0 1
INSERT 0 1
INSERT 0 3
INSERT 0 1
INSERT 0 1
INSERT 0 1
INSERT 0 1
DO
NOTICE:  PASS: C1 add_pet accepts pet owned by booking customer
DO
NOTICE:  PASS: C2 cross-customer pet rejected pet_customer_mismatch
DO
DO
NOTICE:  PASS: C3 add_line snapshots catalog duration 90 (not default 60)
NOTICE:  PASS: C4 inactive service rejected
NOTICE:  PASS: C5 soft-deleted service rejected
DO
NOTICE:  PASS: C6 assign_pet_resource sets the groomer
NOTICE:  PASS: C7 reassignment writes a reassigned audit event
NOTICE:  PASS: C8 retired/inactive resource rejected
DO
NOTICE:  PASS: C8b cross-branch resource rejected (not_active_or_not_in_branch)
NOTICE:  PASS: C9 reserve rejects qty<>1 line (package_requires_unit_quantity)
NOTICE:  PASS: C10 qty=1 line reserves a package session
NOTICE:  PASS: C11 set_qty rejects line with package reservation (any status)
DO
NOTICE:  PASS: C12 availability is 2 (1 reserved of 3) before removal
NOTICE:  PASS: C13 remove_pet released the reservation; availability back to 3
NOTICE:  PASS: C14 reservation row preserved with status released
NOTICE:  PASS: C15 repeated removal cannot double-release (pet_not_found)
DO
NOTICE:  PASS: C16 re-adding a removed pet raises stable pet_removal_is_permanent
DO
ROLLBACK
CREATE FUNCTION
CREATE FUNCTION
BEGIN
INSERT 0 1
INSERT 0 1
INSERT 0 1
INSERT 0 1
INSERT 0 1
INSERT 0 1
INSERT 0 1
INSERT 0 0
INSERT 0 4
INSERT 0 2
INSERT 0 1
INSERT 0 2
INSERT 0 1
INSERT 0 2
INSERT 0 1
INSERT 0 1
INSERT 0 5
INSERT 0 5
DO
CREATE SEQUENCE
CREATE FUNCTION
NOTICE:  PASS: R1 qty<>1 rejected (package_requires_unit_quantity)
DO
DO
NOTICE:  PASS: R2 qty=1 accepted
NOTICE:  PASS: R3 expired package rejected (package_expired)
DO
DO
NOTICE:  PASS: R4 service mismatch rejected
DO
NOTICE:  PASS: R5 customer mismatch rejected
NOTICE:  PASS: R6 missing package rejected (package_not_found)
DO
NOTICE:  PASS: R7a exactly three reserved lifecycle rows exist
NOTICE:  PASS: R7b availability is 0 before expiration processing (three stale-but-reserved holds)
NOTICE:  PASS: R7c new reservation succeeds after stale holds expired
NOTICE:  PASS: R7d the three stale rows changed to expired
NOTICE:  PASS: R7e the new reservation is reserved
DO
NOTICE:  PASS: R7f final availability is correct (3 total - 1 active = 2)
NOTICE:  PASS: R8a set_qty rejected while RESERVED
NOTICE:  PASS: R8b set_qty rejected while CONSUMED
NOTICE:  PASS: R8c set_qty rejected while REVERSED/RELEASED
DO
DO
NOTICE:  PASS: R8d set_qty rejected while RELEASED
DO
NOTICE:  PASS: R8e set_qty rejected while EXPIRED
NOTICE:  PASS: R9 reserve rejected on completed booking (booking_not_open_for_assembly)
DO
ROLLBACK
INSERT 0 1
INSERT 0 1
INSERT 0 1
INSERT 0 0
INSERT 0 1
INSERT 0 1
INSERT 0 1
INSERT 0 0
INSERT 0 3
INSERT 0 2
INSERT 0 1
INSERT 0 1
INSERT 0 1
INSERT 0 1
INSERT 0 1
INSERT 0 1
INSERT 0 1
INSERT 0 1
INSERT 0 1
INSERT 0 1
INSERT 0 1
INSERT 0 1
INSERT 0 4
INSERT 0 3
BEGIN
SET
                                                              set_config                                                              
--------------------------------------------------------------------------------------------------------------------------------------
 {"sub" : "0e000000-0000-4000-8000-0000000000c1", "role" : "authenticated", "active_org_id" : "0e000000-0000-4000-8000-000000000001"}
(1 row)

DO
NOTICE:  PASS package invoice, idempotency, package line, and 3-session balance
COMMIT
                                                              set_config                                                              
--------------------------------------------------------------------------------------------------------------------------------------
 {"sub" : "0e000000-0000-4000-8000-0000000000c1", "role" : "authenticated", "active_org_id" : "0e000000-0000-4000-8000-000000000001"}
(1 row)

INSERT 0 1
INSERT 0 1
INSERT 0 1
INSERT 0 1
BEGIN
SET
                                                              set_config                                                              
--------------------------------------------------------------------------------------------------------------------------------------
 {"sub" : "0e000000-0000-4000-8000-0000000000c1", "role" : "authenticated", "active_org_id" : "0e000000-0000-4000-8000-000000000001"}
(1 row)

DO
NOTICE:  PASS preview and issued total=200, discount=20, transport fee=20, manual groomer
COMMIT
CREATE FUNCTION
CREATE FUNCTION
CREATE TABLE
GRANT
CREATE FUNCTION
BEGIN
INSERT 0 2
INSERT 0 3
INSERT 0 2
INSERT 0 2
INSERT 0 2
INSERT 0 2
INSERT 0 3
INSERT 0 0
INSERT 0 8
INSERT 0 1
INSERT 0 1
INSERT 0 1
INSERT 0 1
INSERT 0 1
INSERT 0 1
INSERT 0 6
INSERT 0 2
INSERT 0 2
INSERT 0 2
INSERT 0 1
INSERT 0 3
INSERT 0 1
INSERT 0 1
INSERT 0 2
INSERT 0 2
DO
DO
NOTICE:  PASS: S1 per-pet package rejects the wrong pet
DO
DO
NOTICE:  PASS: S2 per-pet package reserves for its own pet
DO
DO
NOTICE:  PASS: S3 coverage listing shows 3 available before any reservation
DO
NOTICE:  PASS: S4 reconcile reports a healthy (matching) balance
NOTICE:  PASS: S5 revision reflects the purchase's own ledger-driven bump (default 1 + 1)
UPDATE 1
DO
NOTICE:  PASS: S6 reconcile detects the induced mismatch
NOTICE:  PASS: S7 reconcile reports the exact cached vs ledger values
DO
NOTICE:  PASS: S8 repair rejects a stale revision (40001 stale_repair_request)
NOTICE:  PASS: S9 repair restores the cached balance to match the ledger
DO
NOTICE:  PASS: S10 repeating the same repair request_key is idempotent (no double-adjustment)
NOTICE:  PASS: S11 reconcile confirms the package is healthy again after repair
DO
INSERT 0 1
UPDATE 1
NOTICE:  PASS: S12 renewal produces a real invoice with status issued (not paid -- an issued invoice is never proof of payment)
NOTICE:  PASS: S13 renewal invoice total matches the catalog price
NOTICE:  PASS: S14 renewal invoice metadata links back to the membership it renews
NOTICE:  PASS: S15 renewal reactivates an exhausted/expired package
NOTICE:  PASS: S16 renewal tops up a fresh term's worth of sessions (rollover: additive on top of whatever was left)
NOTICE:  PASS: S17 renewal extends expiry into the future
NOTICE:  PASS: S18 renewal increments renewal_count
NOTICE:  PASS: S19 the renewal ledger row links to the renewal invoice (invoice_id)
NOTICE:  PASS: S20 repeating the same renewal request_key returns the SAME invoice (idempotent)
DO
NOTICE:  PASS: S21 the idempotent retry did not double-apply (renewal_count still 1)
DO
NOTICE:  PASS: S22 renewal request_key reused for a different membership is rejected
NOTICE:  PASS: S23 a healthy package is not auto_repairable (nothing to repair)
NOTICE:  PASS: S24 a fully-linked, non-legacy package has zero manual_review_issues
DO
INSERT 0 1
NOTICE:  PASS: S25 an orphan consumption ledger row (no reservation link) is flagged for manual review
NOTICE:  PASS: S26 reservation_consumption_matches turns false once a link is broken, even though the raw counts alone would look plausible
DO
INSERT 0 1
NOTICE:  PASS: S27 a legacy package with no source_invoice_id is flagged missing_source_invoice, never silently treated as healthy
DO
DO
DO
NOTICE:  PASS: S28 archive refuses a package with a reserved session outstanding
UPDATE 1
DO
DO
NOTICE:  PASS: S29 archive succeeds once no reservation remains outstanding
DO
NOTICE:  PASS: S30 cross-org reconcile correctly denies access (package_not_found)
NOTICE:  PASS: S31 cross-org repair correctly denies access (package_not_found)
DO
NOTICE:  PASS: S32 cross-org renewal correctly denies access (package_not_found) even though the caller supplied ITS OWN valid branch
DO
SET
DO
DO
NOTICE:  PASS: S33 as authenticated role in org B, org A's customer_packages row is invisible under RLS
DO
NOTICE:  PASS: S34 as authenticated role in org A (its own org), the package IS visible under RLS
DO
RESET
DO
DO
NOTICE:  PASS: S35 read-only member is denied membership.manage even on an already-used request_key (authorization re-checked every call)
NOTICE:  PASS: S36 read-only member is denied repair (membership.manage required)
DO
DO
NOTICE:  PASS: S37 read-only member is denied archive (membership.manage required)
DO
NOTICE:  PASS: S38 a read-only member CAN preview reconciliation (membership.read is sufficient for the read-only path)
DO
DO
INSERT 0 1
DO
DO
NOTICE:  PASS: S39 rollover_policy=none: remaining ends at reserved(1) + total_sessions(5) = 6 (5 sold, -4 unreserved excess discarded, +5 renewal)
DO
NOTICE:  PASS: S40 rollover_policy=none: the HELD (reserved) session survives the renewal untouched -- available afterward is exactly total_sessions (6 remaining - 1 reserved = 5)
NOTICE:  PASS: S41 rollover_policy=none: the compensating adjustment discards exactly the unreserved excess (4 = 5 sold - 1 held), never the held session, and is a real ledger row, not a raw cache overwrite
DO
DO
NOTICE:  PASS: S42 renewal invoice captures the catalog price observed at the time of the ORIGINAL call (150000)
UPDATE 1
NOTICE:  PASS: S43 a legitimate retry of the SAME request_key after a catalog price change still returns the ORIGINAL invoice (review finding #3 -- this used to be rejected as request_key_reused_for_different_renewal, which was the actual bug)
NOTICE:  PASS: S44 the returned invoice keeps its originally captured total (150000), unaffected by the later catalog price edit to 999999
DO
NOTICE:  PASS: S45 renewal request_key reused at a different branch is rejected, not silently accepted
DO
NOTICE:  PASS: S46 preview_package_renewal writes nothing (revision/sessions_remaining unchanged)
NOTICE:  PASS: S47 preview exposes price/currency/sessions/expiry/pet/service scope
DO
NOTICE:  PASS: S48 preview reports compatible while the catalog per_pet flag still matches the membership's actual pet scope
UPDATE 1
NOTICE:  PASS: S49 preview flags incompatible once the catalog's per_pet flag no longer matches the membership's actual (already-fixed) pet scope
NOTICE:  PASS: S50 preview reports the specific blocking reason before any write is attempted
DO
DO
NOTICE:  PASS: S51 renewal correctly refuses to charge for a now-incompatible catalog product rather than silently topping it up
DO
INSERT 0 1
DO
NOTICE:  PASS: S52 a renewal ledger row linked to an invoice belonging to a DIFFERENT package is flagged invalid_invoice_links -- a non-null invoice_id alone is not treated as proof of correct provenance
INSERT 0 2
DO
UPDATE 1
NOTICE:  PASS: S53 a reservation released after consumption with no reversal_ledger_id is flagged missing_reversal_link
DO
DO
NOTICE:  PASS: S54 two reservations sharing the same consumption_ledger_id are flagged duplicate_consumption_links, not assumed impossible
DO
DO
ROLLBACK
