CREATE EXTENSION
CREATE SCHEMA
CREATE FUNCTION
CREATE FUNCTION
NOTICE:  extension "pgcrypto" already exists, skipping
CREATE EXTENSION
CREATE EXTENSION
CREATE SCHEMA
COMMENT
CREATE FUNCTION
COMMENT
CREATE FUNCTION
COMMENT
CREATE FUNCTION
COMMENT
CREATE FUNCTION
COMMENT
CREATE FUNCTION
COMMENT
CREATE FUNCTION
CREATE FUNCTION
CREATE FUNCTION
CREATE TABLE
COMMENT
CREATE INDEX
CREATE INDEX
CREATE FUNCTION
COMMENT
NOTICE:  extension "pgcrypto" already exists, skipping
CREATE EXTENSION
CREATE FUNCTION
COMMENT
ALTER INDEX
ALTER INDEX
ALTER TABLE
ALTER TABLE
ALTER FUNCTION
ALTER FUNCTION
ALTER FUNCTION
ALTER FUNCTION
ALTER FUNCTION
CREATE FUNCTION
CREATE FUNCTION
CREATE TABLE
CREATE TRIGGER
CREATE TRIGGER
CREATE TABLE
CREATE INDEX
CREATE TRIGGER
CREATE TRIGGER
CREATE TRIGGER
CREATE TABLE
CREATE INDEX
CREATE TRIGGER
CREATE TRIGGER
CREATE TABLE
CREATE INDEX
CREATE TRIGGER
CREATE TRIGGER
CREATE TRIGGER
CREATE TABLE
CREATE INDEX
CREATE INDEX
CREATE TRIGGER
CREATE TRIGGER
CREATE TRIGGER
CREATE TABLE
CREATE TRIGGER
CREATE TRIGGER
INSERT 0 7
CREATE TABLE
CREATE INDEX
CREATE INDEX
CREATE TRIGGER
CREATE TRIGGER
CREATE TRIGGER
CREATE TABLE
CREATE INDEX
CREATE INDEX
CREATE TRIGGER
CREATE TRIGGER
CREATE TRIGGER
ALTER TABLE
ALTER TABLE
ALTER TABLE
ALTER TABLE
ALTER TABLE
ALTER TABLE
ALTER TABLE
ALTER TABLE
CREATE TABLE
CREATE TRIGGER
CREATE TRIGGER
CREATE TABLE
CREATE INDEX
CREATE TRIGGER
CREATE TRIGGER
CREATE TABLE
CREATE TRIGGER
CREATE TRIGGER
CREATE TABLE
CREATE TABLE
CREATE TABLE
CREATE INDEX
CREATE INDEX
CREATE TRIGGER
CREATE TRIGGER
CREATE TRIGGER
CREATE TABLE
CREATE TRIGGER
CREATE TRIGGER
CREATE TRIGGER
CREATE TABLE
CREATE TRIGGER
CREATE TRIGGER
CREATE TRIGGER
CREATE FUNCTION
CREATE FUNCTION
CREATE FUNCTION
CREATE FUNCTION
INSERT 0 9
INSERT 0 7
INSERT 0 3
INSERT 0 17
INSERT 0 12
ALTER TABLE
ALTER TABLE
ALTER TABLE
ALTER TABLE
ALTER TABLE
ALTER TABLE
ALTER TABLE
ALTER TABLE
CREATE TABLE
CREATE INDEX
CREATE INDEX
CREATE INDEX
CREATE TRIGGER
CREATE TRIGGER
CREATE TRIGGER
CREATE TABLE
CREATE INDEX
CREATE TRIGGER
CREATE TRIGGER
CREATE TRIGGER
CREATE TABLE
CREATE INDEX
CREATE TRIGGER
CREATE TRIGGER
CREATE TRIGGER
CREATE TABLE
CREATE INDEX
CREATE INDEX
CREATE TRIGGER
CREATE TRIGGER
CREATE TRIGGER
ALTER TABLE
ALTER TABLE
ALTER TABLE
ALTER TABLE
CREATE TABLE
CREATE INDEX
CREATE TRIGGER
CREATE TRIGGER
CREATE TRIGGER
CREATE TABLE
CREATE INDEX
CREATE TRIGGER
CREATE TRIGGER
CREATE TRIGGER
CREATE TABLE
CREATE INDEX
CREATE INDEX
CREATE INDEX
CREATE TRIGGER
CREATE TRIGGER
CREATE TRIGGER
CREATE TABLE
CREATE INDEX
CREATE TRIGGER
CREATE TRIGGER
CREATE TRIGGER
CREATE FUNCTION
CREATE FUNCTION
CREATE TABLE
CREATE INDEX
CREATE TRIGGER
CREATE TRIGGER
CREATE TRIGGER
CREATE TRIGGER
CREATE TRIGGER
CREATE TABLE
CREATE TRIGGER
CREATE TRIGGER
CREATE TRIGGER
CREATE TABLE
CREATE TRIGGER
CREATE TRIGGER
CREATE TRIGGER
ALTER TABLE
ALTER TABLE
ALTER TABLE
ALTER TABLE
ALTER TABLE
ALTER TABLE
ALTER TABLE
CREATE FUNCTION
CREATE FUNCTION
CREATE TABLE
CREATE INDEX
CREATE INDEX
CREATE TRIGGER
CREATE TRIGGER
CREATE TRIGGER
CREATE TABLE
CREATE FUNCTION
CREATE FUNCTION
CREATE TRIGGER
CREATE TABLE
CREATE INDEX
CREATE TRIGGER
CREATE TRIGGER
CREATE TRIGGER
CREATE FUNCTION
CREATE FUNCTION
CREATE TRIGGER
CREATE TABLE
CREATE INDEX
CREATE TRIGGER
CREATE TRIGGER
CREATE TRIGGER
CREATE TABLE
CREATE INDEX
CREATE TRIGGER
CREATE TRIGGER
CREATE TRIGGER
ALTER TABLE
ALTER TABLE
ALTER TABLE
ALTER TABLE
ALTER TABLE
CREATE TABLE
CREATE INDEX
CREATE TRIGGER
CREATE TRIGGER
CREATE TRIGGER
CREATE TABLE
CREATE INDEX
CREATE INDEX
CREATE TRIGGER
CREATE TRIGGER
CREATE TRIGGER
CREATE TABLE
CREATE INDEX
CREATE TRIGGER
CREATE TRIGGER
CREATE TRIGGER
CREATE TABLE
CREATE INDEX
CREATE TRIGGER
CREATE TRIGGER
CREATE TRIGGER
CREATE TABLE
CREATE INDEX
CREATE FUNCTION
CREATE TRIGGER
CREATE TRIGGER
CREATE TRIGGER
CREATE TRIGGER
CREATE FUNCTION
CREATE FUNCTION
CREATE TRIGGER
CREATE TABLE
CREATE TRIGGER
CREATE TRIGGER
CREATE TABLE
CREATE INDEX
CREATE FUNCTION
CREATE TRIGGER
CREATE TRIGGER
CREATE TRIGGER
CREATE TRIGGER
CREATE TABLE
CREATE TRIGGER
CREATE TRIGGER
CREATE TABLE
CREATE INDEX
CREATE FUNCTION
CREATE TRIGGER
CREATE TRIGGER
CREATE TRIGGER
CREATE TRIGGER
CREATE TABLE
CREATE INDEX
CREATE TRIGGER
CREATE TRIGGER
CREATE TRIGGER
ALTER TABLE
ALTER TABLE
ALTER TABLE
ALTER TABLE
ALTER TABLE
ALTER TABLE
ALTER TABLE
ALTER TABLE
ALTER TABLE
ALTER TABLE
CREATE TABLE
CREATE INDEX
CREATE TRIGGER
CREATE TRIGGER
CREATE TRIGGER
CREATE FUNCTION
CREATE TABLE
CREATE INDEX
CREATE TRIGGER
CREATE TRIGGER
CREATE TRIGGER
CREATE TABLE
CREATE INDEX
CREATE TRIGGER
CREATE TRIGGER
CREATE FUNCTION
CREATE TRIGGER
CREATE TABLE
CREATE INDEX
CREATE FUNCTION
CREATE TRIGGER
CREATE TRIGGER
CREATE TRIGGER
CREATE TRIGGER
CREATE TABLE
CREATE INDEX
CREATE TRIGGER
CREATE TRIGGER
CREATE TABLE
CREATE INDEX
CREATE TRIGGER
CREATE TRIGGER
CREATE TRIGGER
CREATE TABLE
CREATE INDEX
CREATE TRIGGER
CREATE TRIGGER
CREATE TRIGGER
CREATE TABLE
CREATE INDEX
CREATE TRIGGER
CREATE TRIGGER
CREATE TRIGGER
CREATE FUNCTION
CREATE TRIGGER
CREATE FUNCTION
CREATE TRIGGER
CREATE FUNCTION
CREATE TRIGGER
ALTER TABLE
ALTER TABLE
ALTER TABLE
ALTER TABLE
ALTER TABLE
ALTER TABLE
ALTER TABLE
ALTER TABLE
CREATE TABLE
CREATE INDEX
CREATE TRIGGER
CREATE TRIGGER
CREATE TRIGGER
CREATE FUNCTION
CREATE TABLE
CREATE INDEX
CREATE TRIGGER
CREATE TRIGGER
CREATE FUNCTION
CREATE TRIGGER
CREATE FUNCTION
CREATE FUNCTION
CREATE TRIGGER
CREATE TABLE
CREATE INDEX
CREATE TRIGGER
CREATE TRIGGER
CREATE TRIGGER
CREATE TABLE
CREATE INDEX
CREATE FUNCTION
CREATE TRIGGER
CREATE TRIGGER
CREATE TRIGGER
CREATE TRIGGER
CREATE TABLE
CREATE INDEX
CREATE TRIGGER
CREATE TRIGGER
CREATE TABLE
CREATE INDEX
CREATE FUNCTION
CREATE TRIGGER
CREATE TRIGGER
CREATE TRIGGER
CREATE TRIGGER
ALTER TABLE
ALTER TABLE
ALTER TABLE
ALTER TABLE
ALTER TABLE
ALTER TABLE
CREATE FUNCTION
CREATE TRIGGER
CREATE FUNCTION
CREATE TRIGGER
ALTER TABLE
ALTER TABLE
ALTER TABLE
ALTER TABLE
ALTER TABLE
ALTER TABLE
CREATE FUNCTION
CREATE FUNCTION
CREATE FUNCTION
GRANT
GRANT
GRANT
GRANT
DO
DO
DO
DO
CREATE POLICY
CREATE POLICY
CREATE POLICY
CREATE POLICY
CREATE POLICY
CREATE POLICY
CREATE FUNCTION
CREATE FUNCTION
CREATE FUNCTION
CREATE FUNCTION
CREATE FUNCTION
CREATE FUNCTION
CREATE FUNCTION
CREATE FUNCTION
CREATE FUNCTION
CREATE FUNCTION
CREATE FUNCTION
CREATE FUNCTION
CREATE FUNCTION
CREATE FUNCTION
CREATE FUNCTION
CREATE FUNCTION
INSERT 0 1
INSERT 0 28
CREATE FUNCTION
DO
CREATE TABLE
INSERT 0 15
CREATE TABLE
CREATE INDEX
CREATE TRIGGER
CREATE TRIGGER
CREATE TRIGGER
CREATE TABLE
CREATE INDEX
CREATE TRIGGER
CREATE TABLE
CREATE INDEX
CREATE TRIGGER
CREATE TRIGGER
CREATE TRIGGER
CREATE TABLE
CREATE INDEX
CREATE TRIGGER
CREATE TRIGGER
CREATE TRIGGER
CREATE TABLE
CREATE INDEX
CREATE TRIGGER
CREATE TRIGGER
CREATE TABLE
CREATE TABLE
CREATE INDEX
CREATE TRIGGER
GRANT
ALTER TABLE
ALTER TABLE
ALTER TABLE
ALTER TABLE
ALTER TABLE
ALTER TABLE
ALTER TABLE
ALTER TABLE
CREATE POLICY
CREATE POLICY
CREATE POLICY
DO
CREATE POLICY
CREATE POLICY
CREATE POLICY
BEGIN
DROP TRIGGER
DROP TRIGGER
DROP TRIGGER
DROP FUNCTION
DROP FUNCTION
DROP FUNCTION
DROP FUNCTION
DROP FUNCTION
DROP FUNCTION
ALTER TABLE
CREATE TABLE
CREATE INDEX
CREATE INDEX
CREATE TRIGGER
CREATE TRIGGER
CREATE TRIGGER
CREATE TABLE
CREATE INDEX
CREATE INDEX
CREATE TRIGGER
CREATE TRIGGER
CREATE TRIGGER
CREATE TABLE
CREATE INDEX
CREATE INDEX
CREATE INDEX
CREATE TRIGGER
CREATE TRIGGER
CREATE TRIGGER
ALTER TABLE
ALTER TABLE
CREATE INDEX
CREATE FUNCTION
ALTER TABLE
ALTER TABLE
CREATE INDEX
ALTER TABLE
ALTER TABLE
CREATE INDEX
INSERT 0 1
INSERT 0 0
INSERT 0 0
INSERT 0 0
DO
NOTICE:  BACKFILL OK: all legacy grooming pet/service values mapped; no non-grooming booking carries pet_id/service_id.
ALTER TABLE
ALTER TABLE
ALTER TABLE
ALTER TABLE
COMMENT
COMMENT
COMMENT
CREATE FUNCTION
CREATE FUNCTION
CREATE FUNCTION
CREATE FUNCTION
CREATE FUNCTION
CREATE FUNCTION
CREATE FUNCTION
CREATE FUNCTION
CREATE FUNCTION
CREATE FUNCTION
CREATE FUNCTION
CREATE FUNCTION
CREATE FUNCTION
CREATE FUNCTION
CREATE FUNCTION
COMMENT
REVOKE
GRANT
REVOKE
GRANT
CREATE FUNCTION
COMMENT
ALTER TABLE
ALTER TABLE
ALTER TABLE
DO
DO
CREATE POLICY
CREATE POLICY
CREATE POLICY
CREATE POLICY
CREATE POLICY
REVOKE
REVOKE
REVOKE
REVOKE
GRANT
GRANT
GRANT
GRANT
REVOKE
REVOKE
REVOKE
REVOKE
REVOKE
REVOKE
REVOKE
REVOKE
REVOKE
REVOKE
REVOKE
REVOKE
GRANT
GRANT
GRANT
GRANT
REVOKE
REVOKE
GRANT
GRANT
REVOKE
GRANT
GRANT
REVOKE
GRANT
NOTIFY
COMMIT
BEGIN
CREATE FUNCTION
COMMENT
CREATE FUNCTION
CREATE FUNCTION
CREATE FUNCTION
CREATE FUNCTION
CREATE FUNCTION
CREATE FUNCTION
CREATE FUNCTION
CREATE FUNCTION
REVOKE
REVOKE
REVOKE
REVOKE
REVOKE
REVOKE
GRANT
GRANT
GRANT
GRANT
GRANT
GRANT
REVOKE
REVOKE
REVOKE
GRANT
NOTIFY
COMMIT
BEGIN
DO
ALTER TABLE
ALTER TABLE
CREATE INDEX
COMMENT
CREATE FUNCTION
COMMENT
REVOKE
CREATE TRIGGER
CREATE FUNCTION
COMMENT
REVOKE
CREATE TRIGGER
DO
INSERT 0 0
CREATE FUNCTION
COMMENT
REVOKE
GRANT
REVOKE
GRANT
CREATE FUNCTION
COMMENT
CREATE FUNCTION
COMMENT
CREATE FUNCTION
COMMENT
ALTER POLICY
ALTER POLICY
ALTER POLICY
ALTER POLICY
ALTER POLICY
ALTER POLICY
CREATE FUNCTION
COMMENT
REVOKE
GRANT
GRANT
REVOKE
GRANT
GRANT
GRANT
CREATE POLICY
CREATE POLICY
CREATE POLICY
COMMIT
CREATE FUNCTION
COMMENT
REVOKE
GRANT
NOTICE:  policy "membership_plans_org_isolation" for relation "public.membership_plans" does not exist, skipping
NOTICE:  policy "customer_memberships_org_isolation" for relation "public.customer_memberships" does not exist, skipping
NOTICE:  policy "packages_org_isolation" for relation "public.packages" does not exist, skipping
NOTICE:  policy "customer_packages_org_isolation" for relation "public.customer_packages" does not exist, skipping
NOTICE:  policy "customer_package_ledger_org_isolation" for relation "public.customer_package_ledger" does not exist, skipping
NOTICE:  policy "loyalty_accounts_org_isolation" for relation "public.loyalty_accounts" does not exist, skipping
NOTICE:  policy "loyalty_ledger_org_isolation" for relation "public.loyalty_ledger" does not exist, skipping
NOTICE:  policy "wallet_accounts_org_isolation" for relation "public.wallet_accounts" does not exist, skipping
NOTICE:  policy "wallet_ledger_org_isolation" for relation "public.wallet_ledger" does not exist, skipping
NOTICE:  policy "referrals_org_isolation" for relation "public.referrals" does not exist, skipping
DO
CREATE TABLE
CREATE INDEX
CREATE INDEX
CREATE TRIGGER
CREATE TRIGGER
ALTER TABLE
GRANT
CREATE POLICY
CREATE POLICY
CREATE POLICY
CREATE POLICY
CREATE POLICY
CREATE FUNCTION
REVOKE
GRANT
INSERT 0 0
CREATE TABLE
CREATE INDEX
CREATE TRIGGER
CREATE TRIGGER
ALTER TABLE
GRANT
CREATE POLICY
CREATE POLICY
CREATE POLICY
CREATE POLICY
CREATE FUNCTION
REVOKE
GRANT
ALTER TABLE
ALTER TABLE
CREATE INDEX
GRANT
COMMENT
COMMENT
CREATE FUNCTION
REVOKE
GRANT
CREATE FUNCTION
REVOKE
GRANT
INSERT 0 1
CREATE POLICY
CREATE POLICY
CREATE POLICY
CREATE POLICY
ALTER TABLE
ALTER TABLE
CREATE INDEX
GRANT
CREATE FUNCTION
REVOKE
GRANT
NOTIFY
CREATE FUNCTION
REVOKE
GRANT
NOTIFY
CREATE TABLE
CREATE TABLE
CREATE INDEX
CREATE INDEX
CREATE TRIGGER
CREATE TRIGGER
CREATE TRIGGER
CREATE TRIGGER
CREATE TRIGGER
CREATE TRIGGER
ALTER TABLE
ALTER TABLE
GRANT
GRANT
CREATE POLICY
CREATE POLICY
CREATE POLICY
CREATE POLICY
CREATE FUNCTION
CREATE FUNCTION
CREATE FUNCTION
REVOKE
REVOKE
REVOKE
GRANT
GRANT
GRANT
NOTIFY
INSERT 0 1
CREATE POLICY
CREATE POLICY
CREATE POLICY
CREATE POLICY
CREATE INDEX
INSERT 0 1
CREATE FUNCTION
REVOKE
GRANT
CREATE POLICY
CREATE POLICY
CREATE POLICY
DROP FUNCTION
CREATE FUNCTION
CREATE FUNCTION
REVOKE
GRANT
NOTIFY
CREATE TABLE
CREATE TRIGGER
CREATE TRIGGER
CREATE TRIGGER
ALTER TABLE
GRANT
CREATE POLICY
CREATE POLICY
CREATE FUNCTION
CREATE TRIGGER
CREATE TABLE
CREATE INDEX
CREATE INDEX
CREATE TRIGGER
CREATE TRIGGER
CREATE TRIGGER
ALTER TABLE
GRANT
CREATE POLICY
CREATE POLICY
CREATE POLICY
CREATE FUNCTION
CREATE FUNCTION
CREATE FUNCTION
CREATE FUNCTION
CREATE TRIGGER
REVOKE
REVOKE
REVOKE
GRANT
GRANT
GRANT
NOTIFY
BEGIN
CREATE FUNCTION
CREATE FUNCTION
REVOKE
REVOKE
GRANT
GRANT
NOTIFY
COMMIT
BEGIN
CREATE FUNCTION
REVOKE
GRANT
NOTIFY
COMMIT
BEGIN
CREATE FUNCTION
REVOKE
CREATE FUNCTION
REVOKE
GRANT
CREATE FUNCTION
REVOKE
GRANT
NOTIFY
COMMIT
BEGIN
CREATE TABLE
CREATE INDEX
CREATE TABLE
CREATE INDEX
CREATE TRIGGER
CREATE TRIGGER
CREATE TRIGGER
CREATE TRIGGER
CREATE TRIGGER
CREATE TRIGGER
ALTER TABLE
ALTER TABLE
GRANT
CREATE POLICY
CREATE POLICY
CREATE POLICY
CREATE POLICY
CREATE POLICY
CREATE POLICY
CREATE FUNCTION
CREATE TRIGGER
CREATE FUNCTION
CREATE TRIGGER
NOTIFY
COMMIT
BEGIN
CREATE FUNCTION
REVOKE
GRANT
NOTIFY
COMMIT
BEGIN
CREATE TABLE
CREATE INDEX
CREATE INDEX
CREATE TRIGGER
CREATE TRIGGER
CREATE TRIGGER
ALTER TABLE
GRANT
CREATE POLICY
CREATE FUNCTION
CREATE FUNCTION
CREATE FUNCTION
REVOKE
GRANT
NOTIFY
COMMIT
BEGIN
INSERT 0 1
CREATE TABLE
CREATE INDEX
CREATE INDEX
CREATE INDEX
CREATE TRIGGER
CREATE TRIGGER
CREATE TRIGGER
ALTER TABLE
REVOKE
GRANT
CREATE POLICY
CREATE FUNCTION
CREATE FUNCTION
CREATE FUNCTION
REVOKE
GRANT
NOTIFY
COMMIT
BEGIN
REVOKE
GRANT
NOTIFY
COMMIT
BEGIN
ALTER TABLE
CREATE INDEX
CREATE INDEX
ALTER TABLE
ALTER TABLE
ALTER TABLE
ALTER TABLE
ALTER TABLE
ALTER TABLE
ALTER TABLE
ALTER TABLE
ALTER TABLE
ALTER TABLE
CREATE FUNCTION
CREATE FUNCTION
CREATE FUNCTION
REVOKE
GRANT
NOTIFY
COMMIT
BEGIN
ALTER TABLE
ALTER TABLE
COMMENT
COMMENT
ALTER TABLE
ALTER TABLE
COMMENT
ALTER TABLE
ALTER TABLE
COMMENT
CREATE FUNCTION
CREATE FUNCTION
REVOKE
GRANT
COMMIT
BEGIN
ALTER TABLE
ALTER TABLE
ALTER TABLE
ALTER TABLE
CREATE FUNCTION
REVOKE
CREATE FUNCTION
REVOKE
GRANT
CREATE FUNCTION
REVOKE
GRANT
COMMIT
BEGIN
ALTER TABLE
ALTER TABLE
CREATE INDEX
CREATE INDEX
ALTER TABLE
ALTER TABLE
COMMENT
COMMENT
ALTER TABLE
ALTER TABLE
CREATE INDEX
CREATE INDEX
UPDATE 0
UPDATE 0
COMMENT
COMMENT
COMMENT
CREATE FUNCTION
CREATE FUNCTION
DROP FUNCTION
CREATE FUNCTION
REVOKE
GRANT
CREATE FUNCTION
REVOKE
GRANT
CREATE FUNCTION
REVOKE
GRANT
CREATE FUNCTION
REVOKE
GRANT
CREATE FUNCTION
REVOKE
GRANT
CREATE FUNCTION
REVOKE
GRANT
COMMIT
BEGIN
ALTER TABLE
ALTER TABLE
CREATE INDEX
COMMENT
UPDATE 0
CREATE FUNCTION
DROP FUNCTION
CREATE FUNCTION
REVOKE
GRANT
CREATE FUNCTION
REVOKE
GRANT
COMMIT
### operro_race: 43 migrations applied
INSERT 0 1
INSERT 0 1
INSERT 0 1
INSERT 0 2
INSERT 0 1
INSERT 0 1
INSERT 0 1
INSERT 0 1
INSERT 0 1
INSERT 0 1
INSERT 0 2
INSERT 0 2
INSERT 0 1
INSERT 0 1
INSERT 0 1
INSERT 0 1
INSERT 0 1
INSERT 0 0
INSERT 0 1
INSERT 0 1
INSERT 0 1
### seed complete: 1 package with exactly 1 available session, 2 pets each wanting it
### launching Session A (holds the row lock for 3s before committing)
### launching Session B (starts 1s later, should BLOCK then fail with no_sessions_available)
--- Session A output (rc=0) ---
BEGIN
                                                 set_config                                                 
------------------------------------------------------------------------------------------------------------
 {"sub" : "05000000-0000-4000-8000-0000000000c1", "active_org_id" : "05000000-0000-4000-8000-000000000001"}
(1 row)

       reserve_package_session        
--------------------------------------
 01a0dbd8-e3e2-78ec-9fb1-7b7946197154
(1 row)

 pg_sleep 
----------
 
(1 row)

COMMIT
--- Session B output (rc=3, expected non-zero: no_sessions_available) ---
BEGIN
                                                 set_config                                                 
------------------------------------------------------------------------------------------------------------
 {"sub" : "05000000-0000-4000-8000-0000000000c1", "active_org_id" : "05000000-0000-4000-8000-000000000001"}
(1 row)

ERROR:  no_sessions_available
CONTEXT:  PL/pgSQL function reserve_package_session(uuid,uuid,timestamp with time zone) line 73 at RAISE
### final reserved-row count: 1 (must be exactly 1, never 2)
RACE TEST PASSED: exactly one session reserved the final slot; the other was correctly rejected, no oversell.
