Resetting local database...
WARN: config section [inbucket] is deprecated. Please use [local_smtp] instead.
Recreating database...
Initialising schema...
Seeding globals from roles.sql...
Applying migration 20260721000100_extensions_and_helpers.sql...
Applying migration 20260721000150_fix_uuidv7_supabase.sql...
Applying migration 20260721000200_identity_access.sql...
Applying migration 20260721000300_platform_entitlements.sql...
Applying migration 20260721000400_commercial_core.sql...
Applying migration 20260721000500_scheduling_core.sql...
Applying migration 20260721000600_inventory_tasks.sql...
Applying migration 20260721000700_customer_programs.sql...
Applying migration 20260721000800_financial_sales.sql...
Applying migration 20260721000900_payroll_expenses.sql...
Applying migration 20260721001000_security_rls_isolation.sql...
Applying migration 20260721001100_security_rls_capabilities.sql...
Applying migration 20260721001200_cross_cutting_services.sql...
Applying migration 20260721001300_core_neutrality_grooming_lines.sql...
Applying migration 20260721001350_grooming_assembly_operations.sql...
Applying migration 20260721001400_active_organization_context.sql...
Applying migration 20260910120000_audit_log_read_api.sql...
Applying migration 20260916150000_customer_program_tenant_isolation.sql...
Applying migration 20260917100000_customer_addresses.sql...
Applying migration 20260917100100_branch_service_areas.sql...
Applying migration 20260917100200_booking_location_snapshot.sql...
Applying migration 20260917100300_batch_permissions.sql...
Applying migration 20260918130000_grooming_evidence_storage.sql...
Applying migration 20260918140000_booking_series_engine.sql...
Applying migration 20260918150000_resource_weekly_availability.sql...
Applying migration 20260918160000_customer_self_onboarding.sql...
Applying migration 20260918170000_styling_references.sql...
Applying migration 20260918180000_onboarding_styling_uploads.sql...
Applying migration 20260919100000_onboarding_settings_cleanup.sql...
Applying migration 20260919110000_complimentary_next_booking.sql...
Applying migration 20260919120000_calendar_bulk_actions.sql...
Applying migration 20260922100000_booking_package_coverage.sql...
Applying migration 20260922110000_booking_series_controls.sql...
Applying migration 20260922120000_branch_availability_controls.sql...
Applying migration 20260922130000_safe_booking_archive.sql...
Applying migration 20260922140000_attendance_tracking.sql...
Applying migration 20260924100000_complaint_lifecycle.sql...
Applying migration 20260924110000_complaint_rpc_only_writes.sql...
Applying migration 20260924120000_invoice_workflow.sql...
Applying migration 20260924130000_service_size_pricing.sql...
Applying migration 20260924140000_invoice_discounts_charges.sql...
Applying migration 20260927100000_visit_register.sql...
Applying migration 20260928100000_payment_control_workflow.sql...
Applying migration 20260929100000_grooming_evidence_hardening.sql...
Applying migration 20260930100000_invoice_documents.sql...
Seeding data from supabase/seed.sql...
Seeding data from supabase/seeds/homepaw_demo.sql...
Seeding data from supabase/seeds/homepaw_home_service_setup.sql...
Seeding data from supabase/seeds/local_qa_payroll.sql...
Restarting containers...
Finished supabase db reset on branch main.
A new version of Supabase CLI is available: v2.118.0 (currently installed v2.117.0)
We recommend updating regularly for new features and bug fixes: https://supabase.com/docs/guides/cli/getting-started#updating-the-supabase-cli
