=== supabase/migrations/20260927100000_visit_register.sql ===
BEGIN
INSERT 0 1
CREATE TABLE
CREATE INDEX
CREATE INDEX
CREATE TRIGGER
CREATE TRIGGER
CREATE TRIGGER
CREATE FUNCTION
CREATE TRIGGER
CREATE TABLE
CREATE INDEX
CREATE INDEX
CREATE FUNCTION
CREATE TRIGGER
CREATE TRIGGER
ALTER TABLE
ALTER TABLE
DO
DO
CREATE FUNCTION
CREATE FUNCTION
CREATE FUNCTION
CREATE FUNCTION
CREATE FUNCTION
CREATE FUNCTION
CREATE FUNCTION
REVOKE
GRANT
NOTIFY
COMMIT
exit=0
=== supabase/migrations/20260928100000_payment_control_workflow.sql ===
BEGIN
INSERT 0 1
INSERT 0 1
ALTER TABLE
CREATE INDEX
CREATE INDEX
DROP TRIGGER
UPDATE 1
CREATE FUNCTION
CREATE TRIGGER
REVOKE
CREATE FUNCTION
CREATE FUNCTION
CREATE FUNCTION
COMMENT
CREATE FUNCTION
CREATE FUNCTION
CREATE POLICY
REVOKE
GRANT
NOTIFY
COMMIT
exit=0
=== supabase/migrations/20260929100000_grooming_evidence_hardening.sql ===
BEGIN
INSERT 0 1
INSERT 0 1
CREATE FUNCTION
CREATE POLICY
CREATE FUNCTION
CREATE TRIGGER
CREATE FUNCTION
REVOKE
GRANT
NOTIFY
COMMIT
exit=0
=== supabase/migrations/20260930100000_invoice_documents.sql ===
BEGIN
CREATE FUNCTION
CREATE TABLE
CREATE INDEX
CREATE TRIGGER
CREATE TRIGGER
CREATE TRIGGER
ALTER TABLE
CREATE POLICY
CREATE POLICY
CREATE FUNCTION
CREATE FUNCTION
ALTER TABLE
CREATE FUNCTION
CREATE POLICY
REVOKE
GRANT
NOTIFY
COMMIT
exit=0
