
########## GATE 1 — strict TypeScript typecheck ##########
Version 5.9.3
typecheck exit=0

########## GATE 2 — workspace build ##########

> @operro/backend@0.1.0 build
> tsc -b


> @operro/preset-grooming@0.1.0 build
> tsc -b


> @operro/sdk@0.1.0 build
> tsc -b

-rw-r--r-- 1 root root 403 Jul 21 11:05 packages/backend/dist/index.d.ts
-rw-r--r-- 1 root root 368 Jul 21 11:05 packages/backend/dist/index.js
-rw-r--r-- 1 root root 329 Jul 21 11:05 packages/preset-grooming/dist/index.d.ts
-rw-r--r-- 1 root root 294 Jul 21 11:05 packages/preset-grooming/dist/index.js
-rw-r--r-- 1 root root 222 Jul 21 11:05 packages/sdk/dist/index.d.ts
-rw-r--r-- 1 root root 187 Jul 21 11:05 packages/sdk/dist/index.js

########## GATE 3 — in-memory + preset-contract tests ##########
PASS: 1 authorized addPet delegates to repo/RPC
PASS: 2 addLine defaults quantity to 1
PASS: 3 missing module denied
PASS: 4 wrong-branch denied
PASS: 5 missing permission denied
PASS: 6 voidLine without reason -> BUSINESS_RULE, no RPC
PASS: 7 setLineQuantity(0) -> BUSINESS_RULE
PASS: 8 repo 42501 -> AUTHORIZATION
PASS: 9 repo 23505 -> CONFLICT
PASS: 10 repo pet_customer_mismatch -> BUSINESS_RULE
PASS: 11 assignPetResource delegates to repo/RPC
PASS: 12 getJob returns empty job with real branchId (item 5)

12 assertions passed.
PASS: 1 42501/wrong_branch -> AUTHORIZATION
PASS: 2 pet_already_on_booking -> CONFLICT
PASS: 3 line_not_found -> NOT_FOUND
PASS: 4 pet_customer_mismatch -> BUSINESS_RULE
PASS: 5 resource_not_active_or_not_in_branch classified
PASS: 6 package_requires_unit_quantity -> BUSINESS_RULE
PASS: 7 unknown -> INTERNAL
PASS: 8 prefix match returns stable code
PASS: 9 contract includes resource_not_active_or_not_in_branch
PASS: 10 obsolete resource_not_active_or_not_in_org removed
PASS: 11 RPC name from preset
PASS: 12 gate from preset
PASS: 13 repository methods accept preset Repo* input types (compile-time)

13 assertions passed.

########## GATE 4 — fresh PostgreSQL migrate (timestamped lineage incl 000150) ##########
psql:supabase/migrations/20260721000150_fix_uuidv7_supabase.sql:22: NOTICE:  extension "pgcrypto" already exists, skipping
psql:supabase/migrations/20260721001300_core_neutrality_grooming_lines.sql:488: NOTICE:  BACKFILL OK: all legacy grooming pet/service values mapped; no non-grooming booking carries pet_id/service_id.
assembly fns: 8

########## GATE 5 — assembly RPC tests ##########
CREATE FUNCTION
CREATE FUNCTION
BEGIN
INSERT 0 1
INSERT 0 1
INSERT 0 1
INSERT 0 1
INSERT 0 1
INSERT 0 1
INSERT 0 1
INSERT 0 0
INSERT 0 4
INSERT 0 2
INSERT 0 1
INSERT 0 2
INSERT 0 3
INSERT 0 2
INSERT 0 1
INSERT 0 1
INSERT 0 3
INSERT 0 1
INSERT 0 1
INSERT 0 1
INSERT 0 1
DO
psql:supabase/tests/20260721001350_test_assembly.sql:84: NOTICE:  PASS: C1 add_pet accepts pet owned by booking customer
DO
psql:supabase/tests/20260721001350_test_assembly.sql:92: NOTICE:  PASS: C2 cross-customer pet rejected pet_customer_mismatch
DO
psql:supabase/tests/20260721001350_test_assembly.sql:100: NOTICE:  PASS: C3 add_line snapshots catalog duration 90 (not default 60)
DO
psql:supabase/tests/20260721001350_test_assembly.sql:109: NOTICE:  PASS: C4 inactive service rejected
psql:supabase/tests/20260721001350_test_assembly.sql:109: NOTICE:  PASS: C5 soft-deleted service rejected
DO
psql:supabase/tests/20260721001350_test_assembly.sql:128: NOTICE:  PASS: C6 assign_pet_resource sets the groomer
psql:supabase/tests/20260721001350_test_assembly.sql:128: NOTICE:  PASS: C7 reassignment writes a reassigned audit event
psql:supabase/tests/20260721001350_test_assembly.sql:128: NOTICE:  PASS: C8 retired/inactive resource rejected
psql:supabase/tests/20260721001350_test_assembly.sql:128: NOTICE:  PASS: C8b cross-branch resource rejected (not_active_or_not_in_branch)
DO
psql:supabase/tests/20260721001350_test_assembly.sql:145: NOTICE:  PASS: C9 reserve rejects qty<>1 line (package_requires_unit_quantity)
psql:supabase/tests/20260721001350_test_assembly.sql:145: NOTICE:  PASS: C10 qty=1 line reserves a package session
psql:supabase/tests/20260721001350_test_assembly.sql:145: NOTICE:  PASS: C11 set_qty rejects line with package reservation (any status)
DO
psql:supabase/tests/20260721001350_test_assembly.sql:162: NOTICE:  PASS: C12 availability is 2 (1 reserved of 3) before removal
psql:supabase/tests/20260721001350_test_assembly.sql:162: NOTICE:  PASS: C13 remove_pet released the reservation; availability back to 3
psql:supabase/tests/20260721001350_test_assembly.sql:162: NOTICE:  PASS: C14 reservation row preserved with status released
psql:supabase/tests/20260721001350_test_assembly.sql:162: NOTICE:  PASS: C15 repeated removal cannot double-release (pet_not_found)
DO
psql:supabase/tests/20260721001350_test_assembly.sql:174: NOTICE:  PASS: C16 re-adding a removed pet raises stable pet_removal_is_permanent
DO
ROLLBACK

########## GATE 6 — package-reservation regression tests ##########
CREATE FUNCTION
CREATE FUNCTION
BEGIN
INSERT 0 1
INSERT 0 1
INSERT 0 1
INSERT 0 1
INSERT 0 1
INSERT 0 1
INSERT 0 1
INSERT 0 0
INSERT 0 4
INSERT 0 2
INSERT 0 1
INSERT 0 2
INSERT 0 1
INSERT 0 2
INSERT 0 1
INSERT 0 1
INSERT 0 5
INSERT 0 5
DO
CREATE SEQUENCE
CREATE FUNCTION
psql:supabase/tests/20260721001350_test_reservation.sql:86: NOTICE:  PASS: R1 qty<>1 rejected (package_requires_unit_quantity)
DO
psql:supabase/tests/20260721001350_test_reservation.sql:93: NOTICE:  PASS: R2 qty=1 accepted
DO
psql:supabase/tests/20260721001350_test_reservation.sql:101: NOTICE:  PASS: R3 expired package rejected (package_expired)
DO
psql:supabase/tests/20260721001350_test_reservation.sql:109: NOTICE:  PASS: R4 service mismatch rejected
DO
psql:supabase/tests/20260721001350_test_reservation.sql:117: NOTICE:  PASS: R5 customer mismatch rejected
DO
psql:supabase/tests/20260721001350_test_reservation.sql:125: NOTICE:  PASS: R6 missing package rejected (package_not_found)
DO
psql:supabase/tests/20260721001350_test_reservation.sql:173: NOTICE:  PASS: R7a exactly three reserved lifecycle rows exist
psql:supabase/tests/20260721001350_test_reservation.sql:173: NOTICE:  PASS: R7b availability is 0 before expiration processing (three stale-but-reserved holds)
psql:supabase/tests/20260721001350_test_reservation.sql:173: NOTICE:  PASS: R7c new reservation succeeds after stale holds expired
psql:supabase/tests/20260721001350_test_reservation.sql:173: NOTICE:  PASS: R7d the three stale rows changed to expired
psql:supabase/tests/20260721001350_test_reservation.sql:173: NOTICE:  PASS: R7e the new reservation is reserved
psql:supabase/tests/20260721001350_test_reservation.sql:173: NOTICE:  PASS: R7f final availability is correct (3 total - 1 active = 2)
DO
psql:supabase/tests/20260721001350_test_reservation.sql:189: NOTICE:  PASS: R8a set_qty rejected while RESERVED
psql:supabase/tests/20260721001350_test_reservation.sql:189: NOTICE:  PASS: R8b set_qty rejected while CONSUMED
psql:supabase/tests/20260721001350_test_reservation.sql:189: NOTICE:  PASS: R8c set_qty rejected while REVERSED/RELEASED
DO
psql:supabase/tests/20260721001350_test_reservation.sql:196: NOTICE:  PASS: R8d set_qty rejected while RELEASED
DO
psql:supabase/tests/20260721001350_test_reservation.sql:203: NOTICE:  PASS: R8e set_qty rejected while EXPIRED
DO
psql:supabase/tests/20260721001350_test_reservation.sql:213: NOTICE:  PASS: R9 reserve rejected on completed booking (booking_not_open_for_assembly)
DO
ROLLBACK

########## GATE 7 — real authenticated-role integration (incl reserve_package_session) ##########
NOTICE:  role "authenticator" has already been granted membership in role "anon" by role "postgres"
NOTICE:  role "authenticator" has already been granted membership in role "authenticated" by role "postgres"
CREATE FUNCTION
BEGIN
SET
                                                              set_config                                                              
--------------------------------------------------------------------------------------------------------------------------------------
 {"sub" : "0e000000-0000-4000-8000-0000000000c1", "role" : "authenticated", "active_org_id" : "0e000000-0000-4000-8000-000000000001"}
(1 row)

psql:integration/0100_integration_client.sql:16: NOTICE:  PASS: I1 authenticated can assembly_add_pet via RPC
 ok 
----
 
(1 row)

COMMIT
BEGIN
SET
                                                              set_config                                                              
--------------------------------------------------------------------------------------------------------------------------------------
 {"sub" : "0e000000-0000-4000-8000-0000000000c1", "role" : "authenticated", "active_org_id" : "0e000000-0000-4000-8000-000000000001"}
(1 row)

psql:integration/0100_integration_client.sql:35: NOTICE:  PASS: I2 authenticated can assembly_add_line via RPC
psql:integration/0100_integration_client.sql:35: NOTICE:  PASS: I3 line visible via RLS with quantity 2
DO
COMMIT
BEGIN
SET
                                                              set_config                                                              
--------------------------------------------------------------------------------------------------------------------------------------
 {"sub" : "0e000000-0000-4000-8000-0000000000c1", "role" : "authenticated", "active_org_id" : "0e000000-0000-4000-8000-000000000001"}
(1 row)

psql:integration/0100_integration_client.sql:61: NOTICE:  PASS: I4 direct quantity UPDATE still blocked under real authenticated role
psql:integration/0100_integration_client.sql:61: NOTICE:  PASS: I5 assembly_set_line_quantity via RPC works under real role
DO
COMMIT
BEGIN
SET
                                                              set_config                                                              
--------------------------------------------------------------------------------------------------------------------------------------
 {"sub" : "0e000000-0000-4000-8000-0000000000c1", "role" : "authenticated", "active_org_id" : "0e000000-0000-4000-8000-000000000001"}
(1 row)

psql:integration/0100_integration_client.sql:76: NOTICE:  PASS: I6 cross-customer pet rejected (pet_customer_mismatch) under real role
DO
COMMIT
BEGIN
SET
                                                              set_config                                                              
--------------------------------------------------------------------------------------------------------------------------------------
 {"sub" : "0e000000-0000-4000-8000-0000000000c1", "role" : "authenticated", "active_org_id" : "0e000000-0000-4000-8000-000000000001"}
(1 row)

psql:integration/0100_integration_client.sql:92: NOTICE:  PASS: I7 assembly_assign_pet_resource works under real authenticated role
DO
COMMIT
BEGIN
SET
                                                              set_config                                                              
--------------------------------------------------------------------------------------------------------------------------------------
 {"sub" : "0e000000-0000-4000-8000-0000000000c1", "role" : "authenticated", "active_org_id" : "0e000000-0000-4000-8000-000000000001"}
(1 row)

psql:integration/0100_integration_client.sql:134: NOTICE:  PASS: I8 authenticated can reserve_package_session via RPC (EXECUTE grant works)
psql:integration/0100_integration_client.sql:134: NOTICE:  PASS: I9 reservation visible through RLS as authenticated
psql:integration/0100_integration_client.sql:134: NOTICE:  PASS: I10 reservation org/line/package/status are correct
psql:integration/0100_integration_client.sql:134: NOTICE:  PASS: I11 availability decremented to 2 after reservation (authenticated read RPC)
DO
COMMIT

########## GATE 8 — completion vs assembly/reservation concurrency ##########
psql:supabase/migrations/20260721000150_fix_uuidv7_supabase.sql:22: NOTICE:  extension "pgcrypto" already exists, skipping
psql:supabase/migrations/20260721001300_core_neutrality_grooming_lines.sql:488: NOTICE:  BACKFILL OK: all legacy grooming pet/service values mapped; no non-grooming booking carries pet_id/service_id.
                                                 set_config                                                 
------------------------------------------------------------------------------------------------------------
 {"sub" : "0c100000-0000-4000-8000-0000000000c1", "active_org_id" : "0c100000-0000-4000-8000-000000000001"}
(1 row)

== case: complete_booking vs set_line_quantity ==
  A_RC=0 B_RC=0
  blocking OK (causal): B saw frozen booking; A~1784631913.70 B~1784631913.71
  OK: complete_booking vs set_line_quantity — no deadlock, A committed, B blocked then rejected, booking=completed
== case: complete_booking vs void_line ==
  A_RC=0 B_RC=0
  blocking OK (causal): B saw frozen booking; A~1784631916.90 B~1784631916.90
  OK: complete_booking vs void_line — no deadlock, A committed, B blocked then rejected, booking=completed
== case: complete_booking vs reserve_package_session ==
  A_RC=0 B_RC=0
  blocking OK (causal): B saw frozen booking; A~1784631920.08 B~1784631920.08
  OK: complete_booking vs reserve_package_session — no deadlock, A committed, B blocked then rejected, booking=completed
CONC PASS: all three cases serialized; no deadlock; A committed; B blocked then rejected; final state correct.

ALL GATES PASSED
