NOTICE:  role "authenticator" has already been granted membership in role "anon" by role "postgres"
NOTICE:  role "authenticator" has already been granted membership in role "authenticated" by role "postgres"
CREATE FUNCTION
BEGIN
SET
                                                              set_config                                                              
--------------------------------------------------------------------------------------------------------------------------------------
 {"sub" : "0e000000-0000-4000-8000-0000000000c1", "role" : "authenticated", "active_org_id" : "0e000000-0000-4000-8000-000000000001"}
(1 row)

psql:integration/0100_integration_client.sql:16: NOTICE:  PASS: I1 authenticated can assembly_add_pet via RPC
 ok 
----
 
(1 row)

COMMIT
BEGIN
SET
                                                              set_config                                                              
--------------------------------------------------------------------------------------------------------------------------------------
 {"sub" : "0e000000-0000-4000-8000-0000000000c1", "role" : "authenticated", "active_org_id" : "0e000000-0000-4000-8000-000000000001"}
(1 row)

psql:integration/0100_integration_client.sql:35: NOTICE:  PASS: I2 authenticated can assembly_add_line via RPC
psql:integration/0100_integration_client.sql:35: NOTICE:  PASS: I3 line visible via RLS with quantity 2
DO
COMMIT
BEGIN
SET
                                                              set_config                                                              
--------------------------------------------------------------------------------------------------------------------------------------
 {"sub" : "0e000000-0000-4000-8000-0000000000c1", "role" : "authenticated", "active_org_id" : "0e000000-0000-4000-8000-000000000001"}
(1 row)

psql:integration/0100_integration_client.sql:61: NOTICE:  PASS: I4 direct quantity UPDATE still blocked under real authenticated role
psql:integration/0100_integration_client.sql:61: NOTICE:  PASS: I5 assembly_set_line_quantity via RPC works under real role
DO
COMMIT
BEGIN
SET
                                                              set_config                                                              
--------------------------------------------------------------------------------------------------------------------------------------
 {"sub" : "0e000000-0000-4000-8000-0000000000c1", "role" : "authenticated", "active_org_id" : "0e000000-0000-4000-8000-000000000001"}
(1 row)

psql:integration/0100_integration_client.sql:76: NOTICE:  PASS: I6 cross-customer pet rejected (pet_customer_mismatch) under real role
DO
COMMIT
BEGIN
SET
                                                              set_config                                                              
--------------------------------------------------------------------------------------------------------------------------------------
 {"sub" : "0e000000-0000-4000-8000-0000000000c1", "role" : "authenticated", "active_org_id" : "0e000000-0000-4000-8000-000000000001"}
(1 row)

psql:integration/0100_integration_client.sql:92: NOTICE:  PASS: I7 assembly_assign_pet_resource works under real authenticated role
DO
COMMIT
BEGIN
SET
                                                              set_config                                                              
--------------------------------------------------------------------------------------------------------------------------------------
 {"sub" : "0e000000-0000-4000-8000-0000000000c1", "role" : "authenticated", "active_org_id" : "0e000000-0000-4000-8000-000000000001"}
(1 row)

psql:integration/0100_integration_client.sql:134: NOTICE:  PASS: I8 authenticated can reserve_package_session via RPC (EXECUTE grant works)
psql:integration/0100_integration_client.sql:134: NOTICE:  PASS: I9 reservation visible through RLS as authenticated
psql:integration/0100_integration_client.sql:134: NOTICE:  PASS: I10 reservation org/line/package/status are correct
psql:integration/0100_integration_client.sql:134: NOTICE:  PASS: I11 availability decremented to 2 after reservation (authenticated read RPC)
DO
COMMIT
